Component: Arm Compiler for Embedded 6.24 Tool: armlink [5f371500]

==============================================================================

Section Cross References

    source.o(.ARM.exidx.text.delay) refers to source.o(.text.delay) for [Anonymous Symbol]
    source.o(.ARM.exidx.text.SPI1_Init) refers to source.o(.text.SPI1_Init) for [Anonymous Symbol]
    source.o(.ARM.exidx.text.USART1_Init) refers to source.o(.text.USART1_Init) for [Anonymous Symbol]
    source.o(.ARM.exidx.text.USART1_SendChar) refers to source.o(.text.USART1_SendChar) for [Anonymous Symbol]
    source.o(.text.USART1_SendString) refers to source.o(.text.USART1_SendChar) for USART1_SendChar
    source.o(.ARM.exidx.text.USART1_SendString) refers to source.o(.text.USART1_SendString) for [Anonymous Symbol]
    source.o(.ARM.exidx.text.USART2_Init) refers to source.o(.text.USART2_Init) for [Anonymous Symbol]
    source.o(.text.Debug_Bridge) refers to source.o(.text.USART1_SendChar) for USART1_SendChar
    source.o(.ARM.exidx.text.Debug_Bridge) refers to source.o(.text.Debug_Bridge) for [Anonymous Symbol]
    source.o(.ARM.exidx.text.ESP_Send) refers to source.o(.text.ESP_Send) for [Anonymous Symbol]
    source.o(.text.ESP_Wait_And_Debug) refers to source.o(.text.Debug_Bridge) for Debug_Bridge
    source.o(.ARM.exidx.text.ESP_Wait_And_Debug) refers to source.o(.text.ESP_Wait_And_Debug) for [Anonymous Symbol]
    source.o(.text.Flush_ESP) refers to source.o(.text.USART1_SendChar) for USART1_SendChar
    source.o(.ARM.exidx.text.Flush_ESP) refers to source.o(.text.Flush_ESP) for [Anonymous Symbol]
    source.o(.text.ESP_Wait_For) refers to source.o(.text.USART1_SendChar) for USART1_SendChar
    source.o(.ARM.exidx.text.ESP_Wait_For) refers to source.o(.text.ESP_Wait_For) for [Anonymous Symbol]
    source.o(.text.ESP_Wifi_Setup) refers to source.o(.rodata.str1.1) for .L.str
    source.o(.text.ESP_Wifi_Setup) refers to source.o(.text.USART1_SendString) for USART1_SendString
    source.o(.text.ESP_Wifi_Setup) refers to source.o(.text.ESP_Send) for ESP_Send
    source.o(.text.ESP_Wifi_Setup) refers to source.o(.text.ESP_Wait_And_Debug) for ESP_Wait_And_Debug
    source.o(.ARM.exidx.text.ESP_Wifi_Setup) refers to source.o(.text.ESP_Wifi_Setup) for [Anonymous Symbol]
    source.o(.ARM.exidx.text.ADC1_Init) refers to source.o(.text.ADC1_Init) for [Anonymous Symbol]
    source.o(.ARM.exidx.text.ADC1_Read) refers to source.o(.text.ADC1_Read) for [Anonymous Symbol]
    source.o(.text.main) refers to source.o(.text.USART1_Init) for USART1_Init
    source.o(.text.main) refers to source.o(.text.USART2_Init) for USART2_Init
    source.o(.text.main) refers to source.o(.text.ADC1_Init) for ADC1_Init
    source.o(.text.main) refers to source.o(.text.SPI1_Init) for SPI1_Init
    source.o(.text.main) refers to source.o(.text.ESP_Wifi_Setup) for ESP_Wifi_Setup
    source.o(.text.main) refers to source.o(.bss.fs) for fs
    source.o(.text.main) refers to source.o(.rodata.str1.1) for .L.str.7
    source.o(.text.main) refers to ff.o(.text.f_mount) for f_mount
    source.o(.text.main) refers to source.o(.text.USART1_SendString) for USART1_SendString
    source.o(.text.main) refers to source.o(.text.ADC1_Read) for ADC1_Read
    source.o(.text.main) refers to source.o(.text.Debug_Bridge) for Debug_Bridge
    source.o(.text.main) refers to sprintf.o(.text) for sprintf
    source.o(.text.main) refers to source.o(.bss.json_payload) for json_payload
    source.o(.text.main) refers to source.o(.bss.fil) for fil
    source.o(.text.main) refers to ff.o(.text.f_open) for f_open
    source.o(.text.main) refers to ff.o(.text.f_printf) for f_printf
    source.o(.text.main) refers to ff.o(.text.f_close) for f_close
    source.o(.text.main) refers to source.o(.bss.http_request) for http_request
    source.o(.text.main) refers to source.o(.text.ESP_Send) for ESP_Send
    source.o(.text.main) refers to source.o(.text.ESP_Wait_And_Debug) for ESP_Wait_And_Debug
    source.o(.text.main) refers to source.o(.text.ESP_Wait_For) for ESP_Wait_For
    source.o(.text.main) refers to source.o(.bss.wifi_cmd) for wifi_cmd
    source.o(.text.main) refers to source.o(.text.Flush_ESP) for Flush_ESP
    source.o(.ARM.exidx.text.main) refers to source.o(.text.main) for [Anonymous Symbol]
    diskio.o(.ARM.exidx.text.disk_status) refers to diskio.o(.text.disk_status) for [Anonymous Symbol]
    diskio.o(.text.disk_initialize) refers to diskio.o(.text.SPI_TxRx) for SPI_TxRx
    diskio.o(.text.disk_initialize) refers to diskio.o(.text.SD_SendCommand) for SD_SendCommand
    diskio.o(.ARM.exidx.text.disk_initialize) refers to diskio.o(.text.disk_initialize) for [Anonymous Symbol]
    diskio.o(.ARM.exidx.text.SPI_TxRx) refers to diskio.o(.text.SPI_TxRx) for [Anonymous Symbol]
    diskio.o(.text.SD_SendCommand) refers to diskio.o(.text.SPI_TxRx) for SPI_TxRx
    diskio.o(.ARM.exidx.text.SD_SendCommand) refers to diskio.o(.text.SD_SendCommand) for [Anonymous Symbol]
[...]
    .ARM.Collect$$libinit$$00000014          0x080002b4   Section       12  libinit2.o(.ARM.Collect$$libinit$$00000014)
    .ARM.Collect$$libinit$$00000015          0x080002c0   Section        0  libinit2.o(.ARM.Collect$$libinit$$00000015)
    .ARM.Collect$$libinit$$00000017          0x080002c0   Section        0  libinit2.o(.ARM.Collect$$libinit$$00000017)
    .ARM.Collect$$libinit$$00000018          0x080002c0   Section       10  libinit2.o(.ARM.Collect$$libinit$$00000018)
    .ARM.Collect$$libinit$$00000019          0x080002ca   Section        0  libinit2.o(.ARM.Collect$$libinit$$00000019)
    .ARM.Collect$$libinit$$0000001B          0x080002ca   Section        0  libinit2.o(.ARM.Collect$$libinit$$0000001B)
    .ARM.Collect$$libinit$$0000001D          0x080002ca   Section        0  libinit2.o(.ARM.Collect$$libinit$$0000001D)
    .ARM.Collect$$libinit$$0000001F          0x080002ca   Section        0  libinit2.o(.ARM.Collect$$libinit$$0000001F)
    .ARM.Collect$$libinit$$00000021          0x080002ca   Section        0  libinit2.o(.ARM.Collect$$libinit$$00000021)
    .ARM.Collect$$libinit$$00000023          0x080002ca   Section        0  libinit2.o(.ARM.Collect$$libinit$$00000023)
    .ARM.Collect$$libinit$$00000025          0x080002ca   Section        0  libinit2.o(.ARM.Collect$$libinit$$00000025)
    .ARM.Collect$$libinit$$00000027          0x080002ca   Section        0  libinit2.o(.ARM.Collect$$libinit$$00000027)
    .ARM.Collect$$libinit$$0000002E          0x080002ca   Section        0  libinit2.o(.ARM.Collect$$libinit$$0000002E)
    .ARM.Collect$$libinit$$00000030          0x080002ca   Section        0  libinit2.o(.ARM.Collect$$libinit$$00000030)
    .ARM.Collect$$libinit$$00000032          0x080002ca   Section        0  libinit2.o(.ARM.Collect$$libinit$$00000032)
    .ARM.Collect$$libinit$$00000034          0x080002ca   Section        0  libinit2.o(.ARM.Collect$$libinit$$00000034)
    .ARM.Collect$$libinit$$00000035          0x080002ca   Section        2  libinit2.o(.ARM.Collect$$libinit$$00000035)
    .ARM.Collect$$libshutdown$$00000000      0x080002cc   Section        2  libshutdown.o(.ARM.Collect$$libshutdown$$00000000)
    .ARM.Collect$$libshutdown$$00000002      0x080002ce   Section        0  libshutdown2.o(.ARM.Collect$$libshutdown$$00000002)
    .ARM.Collect$$libshutdown$$00000004      0x080002ce   Section        0  libshutdown2.o(.ARM.Collect$$libshutdown$$00000004)
    .ARM.Collect$$libshutdown$$00000007      0x080002ce   Section        0  libshutdown2.o(.ARM.Collect$$libshutdown$$00000007)
    .ARM.Collect$$libshutdown$$0000000A      0x080002ce   Section        0  libshutdown2.o(.ARM.Collect$$libshutdown$$0000000A)
    .ARM.Collect$$libshutdown$$0000000C      0x080002ce   Section        0  libshutdown2.o(.ARM.Collect$$libshutdown$$0000000C)
    .ARM.Collect$$libshutdown$$0000000F      0x080002ce   Section        0  libshutdown2.o(.ARM.Collect$$libshutdown$$0000000F)
    .ARM.Collect$$libshutdown$$00000010      0x080002ce   Section        2  libshutdown2.o(.ARM.Collect$$libshutdown$$00000010)
    .ARM.Collect$$rtentry$$00000000          0x080002d0   Section        0  __rtentry.o(.ARM.Collect$$rtentry$$00000000)
    .ARM.Collect$$rtentry$$00000002          0x080002d0   Section        0  __rtentry2.o(.ARM.Collect$$rtentry$$00000002)
    .ARM.Collect$$rtentry$$00000004          0x080002d0   Section        6  __rtentry4.o(.ARM.Collect$$rtentry$$00000004)
    .ARM.Collect$$rtentry$$00000009          0x080002d6   Section        0  __rtentry2.o(.ARM.Collect$$rtentry$$00000009)
    .ARM.Collect$$rtentry$$0000000A          0x080002d6   Section        4  __rtentry2.o(.ARM.Collect$$rtentry$$0000000A)
    .ARM.Collect$$rtentry$$0000000C          0x080002da   Section        0  __rtentry2.o(.ARM.Collect$$rtentry$$0000000C)
    .ARM.Collect$$rtentry$$0000000D          0x080002da   Section        8  __rtentry2.o(.ARM.Collect$$rtentry$$0000000D)
    .ARM.Collect$$rtexit$$00000000           0x080002e2   Section        2  rtexit.o(.ARM.Collect$$rtexit$$00000000)
    .ARM.Collect$$rtexit$$00000002           0x080002e4   Section        0  rtexit2.o(.ARM.Collect$$rtexit$$00000002)
    .ARM.Collect$$rtexit$$00000003           0x080002e4   Section        4  rtexit2.o(.ARM.Collect$$rtexit$$00000003)
    .ARM.Collect$$rtexit$$00000004           0x080002e8   Section        6  rtexit2.o(.ARM.Collect$$rtexit$$00000004)
    $v0                                      0x080002f0   Number         0  startup_stm32f401xc.o(.text)
    .text                                    0x080002f0   Section       64  startup_stm32f401xc.o(.text)
    .text                                    0x08000330   Section        0  sprintf.o(.text)
    .text                                    0x0800035c   Section        0  strchr.o(.text)
    .text                                    0x08000370   Section        0  memcmp.o(.text)
    .text                                    0x080003c8   Section      138  rt_memcpy_v6.o(.text)
    .text                                    0x08000452   Section       78  rt_memclr_w.o(.text)
    .text                                    0x080004a0   Section        0  heapauxi.o(.text)
    .text                                    0x080004a6   Section        0  _printf_pad.o(.text)
    .text                                    0x080004f4   Section        0  _printf_truncate.o(.text)
    .text                                    0x08000518   Section        0  _printf_str.o(.text)
    .text                                    0x0800056c   Section        0  _printf_dec.o(.text)
    .text                                    0x080005e4   Section        0  _printf_charcount.o(.text)
    _printf_input_char                       0x0800060d   Thumb Code    10  _printf_char_common.o(.text)
    .text                                    0x0800060c   Section        0  _printf_char_common.o(.text)
    .text                                    0x0800063c   Section        0  _sputc.o(.text)
    .text                                    0x08000648   Section        0  _printf_wctomb.o(.text)
    .text                                    0x08000704   Section        0  _printf_longlong_dec.o(.text)
    _printf_longlong_oct_internal            0x08000781   Thumb Code     0  _printf_oct_int_ll.o(.text)
    .text                                    0x08000780   Section        0  _printf_oct_int_ll.o(.text)
    _printf_hex_common                       0x080007f1   Thumb Code     0  _printf_hex_int_ll_ptr.o(.text)
    .text                                    0x080007f0   Section        0  _printf_hex_int_ll_ptr.o(.text)
    .text                                    0x08000884   Section        0  __printf_flags_ss_wp.o(.text)
    .text                                    0x08000a0c   Section      100  rt_memcpy_w.o(.text)
    .text                                    0x08000a70   Section      138  lludiv10.o(.text)
    .text                                    0x08000afa   Section        0  _printf_intcommon.o(.text)
    _fp_digits                               0x08000bad   Thumb Code   432  _printf_fp_dec.o(.text)
    .text                                    0x08000bac   Section        0  _printf_fp_dec.o(.text)
    .text                                    0x08000fc8   Section        0  _printf_fp_hex.o(.text)
    .text                                    0x080012c4   Section        0  _printf_char.o(.text)
    .text                                    0x080012f0   Section        0  _printf_wchar.o(.text)
    .text                                    0x0800131c   Section        0  _c16rtomb.o(.text)
    .text                                    0x08001364   Section       74  sys_stackheap_outer.o(.text)
    .text                                    0x080013b0   Section       16  rt_ctype_table.o(.text)
    .text                                    0x080013c0   Section        8  rt_locale_intlibspace.o(.text)
    .text                                    0x080013c8   Section        0  _printf_fp_infnan.o(.text)
    .text                                    0x08001448   Section        0  bigflt0.o(.text)
    .text                                    0x0800152c   Section        0  exit.o(.text)
    .text                                    0x08001540   Section        8  libspace.o(.text)
    .text                                    0x08001548   Section      124  strcmpv7em.o(.text)
    .text                                    0x080015c4   Section        0  sys_exit.o(.text)
    .text                                    0x080015d0   Section        2  use_no_semi.o(.text)
    .text                                    0x080015d2   Section        0  indicate_semi.o(.text)
    [Anonymous Symbol]                       0x080015d4   Section        0  source.o(.text.ADC1_Init)
    [Anonymous Symbol]                       0x0800162c   Section        0  source.o(.text.ADC1_Read)
    [Anonymous Symbol]                       0x08001684   Section        0  source.o(.text.Debug_Bridge)
    [Anonymous Symbol]                       0x080016b8   Section        0  source.o(.text.ESP_Send)
    [Anonymous Symbol]                       0x080016f4   Section        0  source.o(.text.ESP_Wait_And_Debug)
    [Anonymous Symbol]                       0x08001738   Section        0  source.o(.text.ESP_Wait_For)
    [Anonymous Symbol]                       0x080017f0   Section        0  source.o(.text.ESP_Wifi_Setup)
    [Anonymous Symbol]                       0x08001868   Section        0  source.o(.text.Flush_ESP)
    SD_SendCommand                           0x080018bd   Thumb Code   134  diskio.o(.text.SD_SendCommand)
    [Anonymous Symbol]                       0x080018bc   Section        0  diskio.o(.text.SD_SendCommand)
    [Anonymous Symbol]                       0x08001944   Section        0  source.o(.text.SPI1_Init)
    SPI_TxRx                                 0x080019bd   Thumb Code    78  diskio.o(.text.SPI_TxRx)
    [Anonymous Symbol]                       0x080019bc   Section        0  diskio.o(.text.SPI_TxRx)
    [Anonymous Symbol]                       0x08001a0c   Section        0  system_stm32f4xx.o(.text.SystemInit)
    [Anonymous Symbol]                       0x08001a20   Section        0  source.o(.text.USART1_Init)
    [Anonymous Symbol]                       0x08001a8c   Section        0  source.o(.text.USART1_SendChar)
    [Anonymous Symbol]                       0x08001abc   Section        0  source.o(.text.USART1_SendString)
    [Anonymous Symbol]                       0x08001ae0   Section        0  source.o(.text.USART2_Init)
    check_fs                                 0x08001b4d   Thumb Code   328  ff.o(.text.check_fs)
    [Anonymous Symbol]                       0x08001b4c   Section        0  ff.o(.text.check_fs)
    clst2sect                                0x08001c95   Thumb Code    54  ff.o(.text.clst2sect)
    [Anonymous Symbol]                       0x08001c94   Section        0  ff.o(.text.clst2sect)
    create_chain                             0x08001ccd   Thumb Code   490  ff.o(.text.create_chain)
    [Anonymous Symbol]                       0x08001ccc   Section        0  ff.o(.text.create_chain)
    create_name                              0x08001eb9   Thumb Code   474  ff.o(.text.create_name)
    [Anonymous Symbol]                       0x08001eb8   Section        0  ff.o(.text.create_name)
    dbc_1st                                  0x08002095   Thumb Code   112  ff.o(.text.dbc_1st)
    [Anonymous Symbol]                       0x08002094   Section        0  ff.o(.text.dbc_1st)
    dbc_2nd                                  0x08002105   Thumb Code   158  ff.o(.text.dbc_2nd)
    [Anonymous Symbol]                       0x08002104   Section        0  ff.o(.text.dbc_2nd)
    dir_alloc                                0x080021a5   Thumb Code   162  ff.o(.text.dir_alloc)
    [Anonymous Symbol]                       0x080021a4   Section        0  ff.o(.text.dir_alloc)
    dir_clear                                0x08002249   Thumb Code   160  ff.o(.text.dir_clear)
    [Anonymous Symbol]                       0x08002248   Section        0  ff.o(.text.dir_clear)
    dir_find                                 0x080022e9   Thumb Code   180  ff.o(.text.dir_find)
    [Anonymous Symbol]                       0x080022e8   Section        0  ff.o(.text.dir_find)
    dir_next                                 0x0800239d   Thumb Code   344  ff.o(.text.dir_next)
    [Anonymous Symbol]                       0x0800239c   Section        0  ff.o(.text.dir_next)
    dir_register                             0x080024f5   Thumb Code   118  ff.o(.text.dir_register)
    [Anonymous Symbol]                       0x080024f4   Section        0  ff.o(.text.dir_register)
    dir_sdi                                  0x0800256d   Thumb Code   282  ff.o(.text.dir_sdi)
    [Anonymous Symbol]                       0x0800256c   Section        0  ff.o(.text.dir_sdi)
    [Anonymous Symbol]                       0x08002688   Section        0  diskio.o(.text.disk_initialize)
    [Anonymous Symbol]                       0x08002754   Section        0  diskio.o(.text.disk_ioctl)
    [Anonymous Symbol]                       0x080027b8   Section        0  diskio.o(.text.disk_read)
    [Anonymous Symbol]                       0x080028ac   Section        0  diskio.o(.text.disk_status)
    [Anonymous Symbol]                       0x080028d4   Section        0  diskio.o(.text.disk_write)
    [Anonymous Symbol]                       0x080029b4   Section        0  ff.o(.text.f_close)
    [Anonymous Symbol]                       0x080029f4   Section        0  ff.o(.text.f_mount)
    [Anonymous Symbol]                       0x08002aa0   Section        0  ff.o(.text.f_open)
    [Anonymous Symbol]                       0x08002de8   Section        0  ff.o(.text.f_printf)
    [Anonymous Symbol]                       0x08003274   Section        0  ff.o(.text.f_sync)
    [Anonymous Symbol]                       0x08003360   Section        0  ff.o(.text.f_write)
    find_volume                              0x08003639   Thumb Code   224  ff.o(.text.find_volume)
    [Anonymous Symbol]                       0x08003638   Section        0  ff.o(.text.find_volume)
    follow_path                              0x08003719   Thumb Code   254  ff.o(.text.follow_path)
    [Anonymous Symbol]                       0x08003718   Section        0  ff.o(.text.follow_path)
    get_fat                                  0x08003819   Thumb Code   306  ff.o(.text.get_fat)
    [Anonymous Symbol]                       0x08003818   Section        0  ff.o(.text.get_fat)
    [Anonymous Symbol]                       0x0800394c   Section        0  diskio.o(.text.get_fattime)
    get_ldnumber                             0x08003955   Thumb Code   176  ff.o(.text.get_ldnumber)
    [Anonymous Symbol]                       0x08003954   Section        0  ff.o(.text.get_ldnumber)
    ld_16                                    0x08003a05   Thumb Code    36  ff.o(.text.ld_16)
    [Anonymous Symbol]                       0x08003a04   Section        0  ff.o(.text.ld_16)
    ld_32                                    0x08003a29   Thumb Code    52  ff.o(.text.ld_32)
    [Anonymous Symbol]                       0x08003a28   Section        0  ff.o(.text.ld_32)
    ld_clust                                 0x08003a5d   Thumb Code    54  ff.o(.text.ld_clust)
    [Anonymous Symbol]                       0x08003a5c   Section        0  ff.o(.text.ld_clust)
    [Anonymous Symbol]                       0x08003a94   Section        0  source.o(.text.main)
    mount_volume                             0x08003f99   Thumb Code  1038  ff.o(.text.mount_volume)
    [Anonymous Symbol]                       0x08003f98   Section        0  ff.o(.text.mount_volume)
    move_window                              0x080043a9   Thumb Code    94  ff.o(.text.move_window)
    [Anonymous Symbol]                       0x080043a8   Section        0  ff.o(.text.move_window)
    put_fat                                  0x08004409   Thumb Code   434  ff.o(.text.put_fat)
    [Anonymous Symbol]                       0x08004408   Section        0  ff.o(.text.put_fat)
    putc_bfd                                 0x080045bd   Thumb Code   108  ff.o(.text.putc_bfd)
    [Anonymous Symbol]                       0x080045bc   Section        0  ff.o(.text.putc_bfd)
    putc_flush                               0x08004629   Thumb Code    70  ff.o(.text.putc_flush)
    [Anonymous Symbol]                       0x08004628   Section        0  ff.o(.text.putc_flush)
    putc_init                                0x08004671   Thumb Code    26  ff.o(.text.putc_init)
    [Anonymous Symbol]                       0x08004670   Section        0  ff.o(.text.putc_init)
    remove_chain                             0x0800468d   Thumb Code   244  ff.o(.text.remove_chain)
    [Anonymous Symbol]                       0x0800468c   Section        0  ff.o(.text.remove_chain)
    st_16                                    0x08004781   Thumb Code    44  ff.o(.text.st_16)
    [Anonymous Symbol]                       0x08004780   Section        0  ff.o(.text.st_16)
    st_32                                    0x080047ad   Thumb Code    68  ff.o(.text.st_32)
    [Anonymous Symbol]                       0x080047ac   Section        0  ff.o(.text.st_32)
    st_clust                                 0x080047f1   Thumb Code    50  ff.o(.text.st_clust)
    [Anonymous Symbol]                       0x080047f0   Section        0  ff.o(.text.st_clust)
    sync_fs                                  0x08004825   Thumb Code   196  ff.o(.text.sync_fs)
    [Anonymous Symbol]                       0x08004824   Section        0  ff.o(.text.sync_fs)
    sync_window                              0x080048e9   Thumb Code   116  ff.o(.text.sync_window)
    [Anonymous Symbol]                       0x080048e8   Section        0  ff.o(.text.sync_window)
    validate                                 0x0800495d   Thumb Code   114  ff.o(.text.validate)
    [Anonymous Symbol]                       0x0800495c   Section        0  ff.o(.text.validate)
    CL$$btod_d2e                             0x080049ce   Section       62  btod.o(CL$$btod_d2e)
    CL$$btod_d2e_denorm_low                  0x08004a0c   Section       70  btod.o(CL$$btod_d2e_denorm_low)
    CL$$btod_d2e_norm_op1                    0x08004a52   Section       96  btod.o(CL$$btod_d2e_norm_op1)
    CL$$btod_div_common                      0x08004ab4   Section      824  btod.o(CL$$btod_div_common)
    CL$$btod_e2e                             0x08004dec   Section      220  btod.o(CL$$btod_e2e)
    CL$$btod_ediv                            0x08004ec8   Section       42  btod.o(CL$$btod_ediv)
    CL$$btod_emul                            0x08004ef2   Section       42  btod.o(CL$$btod_emul)
    CL$$btod_mult_common                     0x08004f1c   Section      580  btod.o(CL$$btod_mult_common)
    i.__ARM_fpclassify                       0x08005160   Section        0  fpclassify.o(i.__ARM_fpclassify)
    i._is_digit                              0x08005190   Section        0  __printf_wp.o(i._is_digit)
    locale$$code                             0x080051a0   Section       44  lc_numeric_c.o(locale$$code)
    locale$$code                             0x080051cc   Section       44  lc_ctype_c.o(locale$$code)
    $v0                                      0x080051f8   Number         0  fpinit.o(x$fpl$fpinit)
    x$fpl$fpinit                             0x080051f8   Section       26  fpinit.o(x$fpl$fpinit)
    $v0                                      0x08005212   Number         0  printf1.o(x$fpl$printf1)
    x$fpl$printf1                            0x08005212   Section        4  printf1.o(x$fpl$printf1)
    $v0                                      0x08005216   Number         0  printf2.o(x$fpl$printf2)
    x$fpl$printf2                            0x08005216   Section        4  printf2.o(x$fpl$printf2)
    x$fpl$usenofp                            0x0800521a   Section        0  usenofp.o(x$fpl$usenofp)
    initial_mbstate                          0x0800521c   Data           8  _printf_wctomb.o(.constdata)
    .constdata                               0x0800521c   Section        8  _printf_wctomb.o(.constdata)
    uc_hextab                                0x08005224   Data          20  _printf_hex_int_ll_ptr.o(.constdata)
    .constdata                               0x08005224   Section       40  _printf_hex_int_ll_ptr.o(.constdata)
    lc_hextab                                0x08005238   Data          20  _printf_hex_int_ll_ptr.o(.constdata)
    maptable                                 0x0800524c   Data          17  __printf_flags_ss_wp.o(.constdata)
    .constdata                               0x0800524c   Section       17  __printf_flags_ss_wp.o(.constdata)
    lc_hextab                                0x0800525d   Data          19  _printf_fp_hex.o(.constdata)
    .constdata                               0x0800525d   Section       38  _printf_fp_hex.o(.constdata)
    uc_hextab                                0x08005270   Data          19  _printf_fp_hex.o(.constdata)
    tenpwrs_x                                0x08005284   Data          60  bigflt0.o(.constdata)
    .constdata                               0x08005284   Section      148  bigflt0.o(.constdata)
    tenpwrs_i                                0x080052c0   Data          64  bigflt0.o(.constdata)
    DbcTbl                                   0x08005318   Data          10  ff.o(.rodata.DbcTbl)
    [Anonymous Symbol]                       0x08005318   Section        0  ff.o(.rodata.DbcTbl)
    .L.str.21                                0x08005322   Data          71  source.o(.rodata.str1.1)
    [Anonymous Symbol]                       0x08005322   Section        0  source.o(.rodata.str1.1)
    .L.str.5                                 0x08005369   Data          33  source.o(.rodata.str1.1)
    .L.str.36                                0x0800538a   Data          33  source.o(.rodata.str1.1)
    .L.str.20                                0x080053ab   Data          33  source.o(.rodata.str1.1)
    .L.str.8                                 0x080053cc   Data          42  source.o(.rodata.str1.1)
    .L.str.9                                 0x080053f6   Data          54  source.o(.rodata.str1.1)
    .L.str.29                                0x0800542c   Data          36  source.o(.rodata.str1.1)
    .L.str.38                                0x08005450   Data          40  source.o(.rodata.str1.1)
    .L.str.19                                0x08005478   Data          34  source.o(.rodata.str1.1)
    .L.str.33                                0x0800549a   Data          39  source.o(.rodata.str1.1)
    .L.str.6                                 0x080054c1   Data          27  source.o(.rodata.str1.1)
    .L.str                                   0x080054dc   Data          30  source.o(.rodata.str1.1)
    .L.str.4                                 0x080054fa   Data          33  source.o(.rodata.str1.1)
    .L.str.22                                0x0800551b   Data          42  source.o(.rodata.str1.1)
    .L.str.37                                0x08005545   Data          38  source.o(.rodata.str1.1)
    .L.str.34                                0x0800556b   Data          43  source.o(.rodata.str1.1)
    .L.str.24                                0x08005596   Data          42  source.o(.rodata.str1.1)
    .L.str.3                                 0x080055c0   Data          14  source.o(.rodata.str1.1)
    .L.str.2                                 0x080055ce   Data          14  source.o(.rodata.str1.1)
    .L.str.23                                0x080055dc   Data          14  source.o(.rodata.str1.1)
    .L.str.31                                0x080055ea   Data           5  source.o(.rodata.str1.1)
    .L.str.1                                 0x080055ef   Data           9  source.o(.rodata.str1.1)
    .L.str.13                                0x080055f8   Data          41  source.o(.rodata.str1.1)
    .L.str.26                                0x08005621   Data          16  source.o(.rodata.str1.1)
    .L.str.18                                0x08005631   Data           4  source.o(.rodata.str1.1)
    .L.str.35                                0x08005635   Data           4  source.o(.rodata.str1.1)
    .L.str.27                                0x08005639   Data           2  source.o(.rodata.str1.1)
    .L.str.28                                0x0800563b   Data           7  source.o(.rodata.str1.1)
    .L.str.14                                0x08005642   Data           5  source.o(.rodata.str1.1)
    .L.str.32                                0x08005647   Data           3  source.o(.rodata.str1.1)
    .L.str.15                                0x0800564a   Data           7  source.o(.rodata.str1.1)
    .L.str.25                                0x08005651   Data           8  source.o(.rodata.str1.1)
    .L.str.10                                0x08005659   Data           5  source.o(.rodata.str1.1)
    .L.str.12                                0x0800565e   Data           6  source.o(.rodata.str1.1)
    .L.str.11                                0x08005664   Data           6  source.o(.rodata.str1.1)
    .L.str.30                                0x0800566a   Data         155  source.o(.rodata.str1.1)
    .L.str.17                                0x08005705   Data           8  source.o(.rodata.str1.1)
    .L.str.16                                0x0800570d   Data         143  source.o(.rodata.str1.1)
    .L.str                                   0x0800579c   Data           9  ff.o(.rodata.str1.1)
    [Anonymous Symbol]                       0x0800579c   Section        0  ff.o(.rodata.str1.1)
    .L.str.1                                 0x080057a5   Data          15  ff.o(.rodata.str1.1)
    .L.str.7                                 0x080057b3   Data           1  ff.o(.rodata.str1.1)
    locale$$data                             0x080057c4   Section       28  lc_numeric_c.o(locale$$data)
    __lcnum_c_name                           0x080057c8   Data           2  lc_numeric_c.o(locale$$data)
    __lcnum_c_start                          0x080057d0   Data           0  lc_numeric_c.o(locale$$data)
    __lcnum_c_point                          0x080057dc   Data           0  lc_numeric_c.o(locale$$data)
    __lcnum_c_thousands                      0x080057de   Data           0  lc_numeric_c.o(locale$$data)
    __lcnum_c_grouping                       0x080057df   Data           0  lc_numeric_c.o(locale$$data)
    __lcnum_c_end                            0x080057e0   Data           0  lc_numeric_c.o(locale$$data)
    locale$$data                             0x080057e0   Section      272  lc_ctype_c.o(locale$$data)
    __lcctype_c_name                         0x080057e4   Data           2  lc_ctype_c.o(locale$$data)
    __lcctype_c_start                        0x080057ec   Data           0  lc_ctype_c.o(locale$$data)
    __lcctype_c_end                          0x080058f0   Data           0  lc_ctype_c.o(locale$$data)
    .bss                                     0x20000000   Section       96  libspace.o(.bss)
    FatFs                                    0x20000060   Data           4  ff.o(.bss.FatFs)
    [Anonymous Symbol]                       0x20000060   Section        0  ff.o(.bss.FatFs)
    Fsid                                     0x20000064   Data           2  ff.o(.bss.Fsid)
    [Anonymous Symbol]                       0x20000064   Section        0  ff.o(.bss.Fsid)
    Heap_Mem                                 0x200007e0   Data         512  startup_stm32f401xc.o(HEAP)
    HEAP                                     0x200007e0   Section      512  startup_stm32f401xc.o(HEAP)
    Stack_Mem                                0x200009e0   Data        1024  startup_stm32f401xc.o(STACK)
    STACK                                    0x200009e0   Section     1024  startup_stm32f401xc.o(STACK)
    __initial_sp                             0x20000de0   Data           0  startup_stm32f401xc.o(STACK)

    Global Symbols

    Symbol Name                              Value     Ov Type        Size  Object(Section)

    BuildAttributes$$THM_ISAv4$E$P$D$K$B$S$7EM$VFPi3$EXTD16$VFPS$VFMA$PE$A:L22UL41UL21$X:L11$S22US41US21$IEEE1$IW$~IW$USESV6$~STKCKD$USESV7$~SHL$OTIME$ROPI$IEEEJ$EBA8$UX$STANDARDLIB$REQ8$PRES8$EABIv2 0x00000000   Number         0  anon$$obj.o ABSOLUTE
    _printf_flags                            0x00000000   Number         0  printf_stubs.o ABSOLUTE
    _printf_return_value                     0x00000000   Number         0  printf_stubs.o ABSOLUTE
    _printf_sizespec                         0x00000000   Number         0  printf_stubs.o ABSOLUTE
    _printf_widthprec                        0x00000000   Number         0  printf_stubs.o ABSOLUTE
    __ARM_exceptions_init                     - Undefined Weak Reference
    __alloca_initialize                       - Undefined Weak Reference
    __arm_preinit_                            - Undefined Weak Reference
    __arm_relocate_pie_                       - Undefined Weak Reference
    __cpp_initialize__aeabi_                  - Undefined Weak Reference
    __cxa_finalize                            - Undefined Weak Reference
    __sigvec_lookup                           - Undefined Weak Reference
    _atexit_init                              - Undefined Weak Reference
    _call_atexit_fns                          - Undefined Weak Reference
    _clock_init                               - Undefined Weak Reference
    _fp_trap_init                             - Undefined Weak Reference
    _fp_trap_shutdown                         - Undefined Weak Reference
    _get_lc_collate                           - Undefined Weak Reference
    _get_lc_monetary                          - Undefined Weak Reference
    _get_lc_time                              - Undefined Weak Reference
    _getenv_init                              - Undefined Weak Reference
    _handle_redirection                       - Undefined Weak Reference
    _init_alloc                               - Undefined Weak Reference
    _init_user_alloc                          - Undefined Weak Reference
    _initio                                   - Undefined Weak Reference
    _printf_mbtowc                            - Undefined Weak Reference
    _printf_wc                                - Undefined Weak Reference
    _rand_init                                - Undefined Weak Reference
    _signal_finish                            - Undefined Weak Reference
    _signal_init                              - Undefined Weak Reference
    _terminate_alloc                          - Undefined Weak Reference
    _terminate_user_alloc                     - Undefined Weak Reference
    _terminateio                              - Undefined Weak Reference
    __Vectors_Size                           0x00000194   Number         0  startup_stm32f401xc.o ABSOLUTE
    __Vectors                                0x08000000   Data           4  startup_stm32f401xc.o(RESET)
    __Vectors_End                            0x08000194   Data           0  startup_stm32f401xc.o(RESET)
    __main                                   0x08000195   Thumb Code     8  __main.o(!!!main)
    __scatterload                            0x0800019d   Thumb Code     0  __scatter.o(!!!scatter)
    __scatterload_rt2                        0x0800019d   Thumb Code    84  __scatter.o(!!!scatter)
    __scatterload_rt2_thumb_only             0x0800019d   Thumb Code     0  __scatter.o(!!!scatter)
    __scatterload_loop                       0x080001a7   Thumb Code     0  __scatter.o(!!!scatter)
    __scatterload_null                       0x080001f9   Thumb Code     2  __scatter.o(!!handler_null)
    __scatterload_zeroinit                   0x080001fd   Thumb Code    28  __scatter_zi.o(!!handler_zi)
    _printf_n                                0x08000219   Thumb Code     0  _printf_n.o(.ARM.Collect$$_printf_percent$$00000001)
    _printf_percent                          0x08000219   Thumb Code     0  _printf_percent.o(.ARM.Collect$$_printf_percent$$00000000)
    _printf_p                                0x0800021f   Thumb Code     0  _printf_p.o(.ARM.Collect$$_printf_percent$$00000002)
    _printf_f                                0x08000225   Thumb Code     0  _printf_f.o(.ARM.Collect$$_printf_percent$$00000003)
    _printf_e                                0x0800022b   Thumb Code     0  _printf_e.o(.ARM.Collect$$_printf_percent$$00000004)
    _printf_g                                0x08000231   Thumb Code     0  _printf_g.o(.ARM.Collect$$_printf_percent$$00000005)
    _printf_a                                0x08000237   Thumb Code     0  _printf_a.o(.ARM.Collect$$_printf_percent$$00000006)
    _printf_ll                               0x0800023d   Thumb Code     0  _printf_ll.o(.ARM.Collect$$_printf_percent$$00000007)
    _printf_i                                0x08000247   Thumb Code     0  _printf_i.o(.ARM.Collect$$_printf_percent$$00000008)
    _printf_d                                0x0800024d   Thumb Code     0  _printf_d.o(.ARM.Collect$$_printf_percent$$00000009)
    _printf_u                                0x08000253   Thumb Code     0  _printf_u.o(.ARM.Collect$$_printf_percent$$0000000A)
    _printf_o                                0x08000259   Thumb Code     0  _printf_o.o(.ARM.Collect$$_printf_percent$$0000000B)
    _printf_x                                0x0800025f   Thumb Code     0  _printf_x.o(.ARM.Collect$$_printf_percent$$0000000C)
    _printf_lli                              0x08000265   Thumb Code     0  _printf_lli.o(.ARM.Collect$$_printf_percent$$0000000D)
    _printf_lld                              0x0800026b   Thumb Code     0  _printf_lld.o(.ARM.Collect$$_printf_percent$$0000000E)
    _printf_llu                              0x08000271   Thumb Code     0  _printf_llu.o(.ARM.Collect$$_printf_percent$$0000000F)
    _printf_llo                              0x08000277   Thumb Code     0  _printf_llo.o(.ARM.Collect$$_printf_percent$$00000010)
    _printf_llx                              0x0800027d   Thumb Code     0  _printf_llx.o(.ARM.Collect$$_printf_percent$$00000011)
    _printf_l                                0x08000283   Thumb Code     0  _printf_l.o(.ARM.Collect$$_printf_percent$$00000012)
    _printf_c                                0x0800028d   Thumb Code     0  _printf_c.o(.ARM.Collect$$_printf_percent$$00000013)
    _printf_s                                0x08000293   Thumb Code     0  _printf_s.o(.ARM.Collect$$_printf_percent$$00000014)
    _printf_lc                               0x08000299   Thumb Code     0  _printf_lc.o(.ARM.Collect$$_printf_percent$$00000015)
    _printf_ls                               0x0800029f   Thumb Code     0  _printf_ls.o(.ARM.Collect$$_printf_percent$$00000016)
    _printf_percent_end                      0x080002a5   Thumb Code     0  _printf_percent_end.o(.ARM.Collect$$_printf_percent$$00000017)
    __rt_lib_init                            0x080002a9   Thumb Code     0  libinit.o(.ARM.Collect$$libinit$$00000000)
    __rt_lib_init_fp_1                       0x080002ab   Thumb Code     0  libinit2.o(.ARM.Collect$$libinit$$00000001)
    __rt_lib_init_heap_1                     0x080002af   Thumb Code     0  libinit2.o(.ARM.Collect$$libinit$$0000000C)
    __rt_lib_init_lc_common                  0x080002af   Thumb Code     0  libinit2.o(.ARM.Collect$$libinit$$00000011)
    __rt_lib_init_preinit_1                  0x080002af   Thumb Code     0  libinit2.o(.ARM.Collect$$libinit$$00000006)
    __rt_lib_init_rand_1                     0x080002af   Thumb Code     0  libinit2.o(.ARM.Collect$$libinit$$00000010)
    __rt_lib_init_relocate_pie_1             0x080002af   Thumb Code     0  libinit2.o(.ARM.Collect$$libinit$$00000004)
    __rt_lib_init_user_alloc_1               0x080002af   Thumb Code     0  libinit2.o(.ARM.Collect$$libinit$$0000000E)
    __rt_lib_init_lc_collate_1               0x080002b5   Thumb Code     0  libinit2.o(.ARM.Collect$$libinit$$00000013)
    __rt_lib_init_lc_ctype_2                 0x080002b5   Thumb Code     0  libinit2.o(.ARM.Collect$$libinit$$00000014)
    __rt_lib_init_lc_ctype_1                 0x080002c1   Thumb Code     0  libinit2.o(.ARM.Collect$$libinit$$00000015)
    __rt_lib_init_lc_monetary_1              0x080002c1   Thumb Code     0  libinit2.o(.ARM.Collect$$libinit$$00000017)
    __rt_lib_init_lc_numeric_2               0x080002c1   Thumb Code     0  libinit2.o(.ARM.Collect$$libinit$$00000018)
    __rt_lib_init_alloca_1                   0x080002cb   Thumb Code     0  libinit2.o(.ARM.Collect$$libinit$$00000030)
    __rt_lib_init_argv_1                     0x080002cb   Thumb Code     0  libinit2.o(.ARM.Collect$$libinit$$0000002E)
    __rt_lib_init_atexit_1                   0x080002cb   Thumb Code     0  libinit2.o(.ARM.Collect$$libinit$$0000001D)
    __rt_lib_init_clock_1                    0x080002cb   Thumb Code     0  libinit2.o(.ARM.Collect$$libinit$$00000023)
    __rt_lib_init_cpp_1                      0x080002cb   Thumb Code     0  libinit2.o(.ARM.Collect$$libinit$$00000034)
    __rt_lib_init_exceptions_1               0x080002cb   Thumb Code     0  libinit2.o(.ARM.Collect$$libinit$$00000032)
    __rt_lib_init_fp_trap_1                  0x080002cb   Thumb Code     0  libinit2.o(.ARM.Collect$$libinit$$00000021)
    __rt_lib_init_getenv_1                   0x080002cb   Thumb Code     0  libinit2.o(.ARM.Collect$$libinit$$00000025)
    __rt_lib_init_lc_numeric_1               0x080002cb   Thumb Code     0  libinit2.o(.ARM.Collect$$libinit$$00000019)
    __rt_lib_init_lc_time_1                  0x080002cb   Thumb Code     0  libinit2.o(.ARM.Collect$$libinit$$0000001B)
    __rt_lib_init_return                     0x080002cb   Thumb Code     0  libinit2.o(.ARM.Collect$$libinit$$00000035)
    __rt_lib_init_signal_1                   0x080002cb   Thumb Code     0  libinit2.o(.ARM.Collect$$libinit$$0000001F)
    __rt_lib_init_stdio_1                    0x080002cb   Thumb Code     0  libinit2.o(.ARM.Collect$$libinit$$00000027)
    __rt_lib_shutdown                        0x080002cd   Thumb Code     0  libshutdown.o(.ARM.Collect$$libshutdown$$00000000)
    __rt_lib_shutdown_cpp_1                  0x080002cf   Thumb Code     0  libshutdown2.o(.ARM.Collect$$libshutdown$$00000002)
    __rt_lib_shutdown_fp_trap_1              0x080002cf   Thumb Code     0  libshutdown2.o(.ARM.Collect$$libshutdown$$00000007)
    __rt_lib_shutdown_heap_1                 0x080002cf   Thumb Code     0  libshutdown2.o(.ARM.Collect$$libshutdown$$0000000F)
    __rt_lib_shutdown_return                 0x080002cf   Thumb Code     0  libshutdown2.o(.ARM.Collect$$libshutdown$$00000010)
    __rt_lib_shutdown_signal_1               0x080002cf   Thumb Code     0  libshutdown2.o(.ARM.Collect$$libshutdown$$0000000A)
    __rt_lib_shutdown_stdio_1                0x080002cf   Thumb Code     0  libshutdown2.o(.ARM.Collect$$libshutdown$$00000004)
    __rt_lib_shutdown_user_alloc_1           0x080002cf   Thumb Code     0  libshutdown2.o(.ARM.Collect$$libshutdown$$0000000C)
    __rt_entry                               0x080002d1   Thumb Code     0  __rtentry.o(.ARM.Collect$$rtentry$$00000000)
    __rt_entry_presh_1                       0x080002d1   Thumb Code     0  __rtentry2.o(.ARM.Collect$$rtentry$$00000002)
    __rt_entry_sh                            0x080002d1   Thumb Code     0  __rtentry4.o(.ARM.Collect$$rtentry$$00000004)
    __rt_entry_li                            0x080002d7   Thumb Code     0  __rtentry2.o(.ARM.Collect$$rtentry$$0000000A)
    __rt_entry_postsh_1                      0x080002d7   Thumb Code     0  __rtentry2.o(.ARM.Collect$$rtentry$$00000009)
    __rt_entry_main                          0x080002db   Thumb Code     0  __rtentry2.o(.ARM.Collect$$rtentry$$0000000D)
    __rt_entry_postli_1                      0x080002db   Thumb Code     0  __rtentry2.o(.ARM.Collect$$rtentry$$0000000C)
    __rt_exit                                0x080002e3   Thumb Code     0  rtexit.o(.ARM.Collect$$rtexit$$00000000)
    __rt_exit_ls                             0x080002e5   Thumb Code     0  rtexit2.o(.ARM.Collect$$rtexit$$00000003)
    __rt_exit_prels_1                        0x080002e5   Thumb Code     0  rtexit2.o(.ARM.Collect$$rtexit$$00000002)
    __rt_exit_exit                           0x080002e9   Thumb Code     0  rtexit2.o(.ARM.Collect$$rtexit$$00000004)
    Reset_Handler                            0x080002f1   Thumb Code     8  startup_stm32f401xc.o(.text)
    NMI_Handler                              0x080002f9   Thumb Code     2  startup_stm32f401xc.o(.text)
    HardFault_Handler                        0x080002fb   Thumb Code     2  startup_stm32f401xc.o(.text)
    MemManage_Handler                        0x080002fd   Thumb Code     2  startup_stm32f401xc.o(.text)
    BusFault_Handler                         0x080002ff   Thumb Code     2  startup_stm32f401xc.o(.text)
    UsageFault_Handler                       0x08000301   Thumb Code     2  startup_stm32f401xc.o(.text)
    SVC_Handler                              0x08000303   Thumb Code     2  startup_stm32f401xc.o(.text)
    DebugMon_Handler                         0x08000305   Thumb Code     2  startup_stm32f401xc.o(.text)
    PendSV_Handler                           0x08000307   Thumb Code     2  startup_stm32f401xc.o(.text)
    SysTick_Handler                          0x08000309   Thumb Code     2  startup_stm32f401xc.o(.text)
    ADC_IRQHandler                           0x0800030b   Thumb Code     0  startup_stm32f401xc.o(.text)
    DMA1_Stream0_IRQHandler                  0x0800030b   Thumb Code     0  startup_stm32f401xc.o(.text)
    DMA1_Stream1_IRQHandler                  0x0800030b   Thumb Code     0  startup_stm32f401xc.o(.text)
    DMA1_Stream2_IRQHandler                  0x0800030b   Thumb Code     0  startup_stm32f401xc.o(.text)
    DMA1_Stream3_IRQHandler                  0x0800030b   Thumb Code     0  startup_stm32f401xc.o(.text)
    DMA1_Stream4_IRQHandler                  0x0800030b   Thumb Code     0  startup_stm32f401xc.o(.text)
    DMA1_Stream5_IRQHandler                  0x0800030b   Thumb Code     0  startup_stm32f401xc.o(.text)
    DMA1_Stream6_IRQHandler                  0x0800030b   Thumb Code     0  startup_stm32f401xc.o(.text)
    DMA1_Stream7_IRQHandler                  0x0800030b   Thumb Code     0  startup_stm32f401xc.o(.text)
    DMA2_Stream0_IRQHandler                  0x0800030b   Thumb Code     0  startup_stm32f401xc.o(.text)
    DMA2_Stream1_IRQHandler                  0x0800030b   Thumb Code     0  startup_stm32f401xc.o(.text)
    DMA2_Stream2_IRQHandler                  0x0800030b   Thumb Code     0  startup_stm32f401xc.o(.text)
    DMA2_Stream3_IRQHandler                  0x0800030b   Thumb Code     0  startup_stm32f401xc.o(.text)
    DMA2_Stream4_IRQHandler                  0x0800030b   Thumb Code     0  startup_stm32f401xc.o(.text)
    DMA2_Stream5_IRQHandler                  0x0800030b   Thumb Code     0  startup_stm32f401xc.o(.text)
    DMA2_Stream6_IRQHandler                  0x0800030b   Thumb Code     0  startup_stm32f401xc.o(.text)
    DMA2_Stream7_IRQHandler                  0x0800030b   Thumb Code     0  startup_stm32f401xc.o(.text)
    EXTI0_IRQHandler                         0x0800030b   Thumb Code     0  startup_stm32f401xc.o(.text)
    EXTI15_10_IRQHandler                     0x0800030b   Thumb Code     0  startup_stm32f401xc.o(.text)
    EXTI1_IRQHandler                         0x0800030b   Thumb Code     0  startup_stm32f401xc.o(.text)
    EXTI2_IRQHandler                         0x0800030b   Thumb Code     0  startup_stm32f401xc.o(.text)
    EXTI3_IRQHandler                         0x0800030b   Thumb Code     0  startup_stm32f401xc.o(.text)
    EXTI4_IRQHandler                         0x0800030b   Thumb Code     0  startup_stm32f401xc.o(.text)
    EXTI9_5_IRQHandler                       0x0800030b   Thumb Code     0  startup_stm32f401xc.o(.text)
    FLASH_IRQHandler                         0x0800030b   Thumb Code     0  startup_stm32f401xc.o(.text)
    FPU_IRQHandler                           0x0800030b   Thumb Code     0  startup_stm32f401xc.o(.text)
    I2C1_ER_IRQHandler                       0x0800030b   Thumb Code     0  startup_stm32f401xc.o(.text)
    I2C1_EV_IRQHandler                       0x0800030b   Thumb Code     0  startup_stm32f401xc.o(.text)
    I2C2_ER_IRQHandler                       0x0800030b   Thumb Code     0  startup_stm32f401xc.o(.text)
    I2C2_EV_IRQHandler                       0x0800030b   Thumb Code     0  startup_stm32f401xc.o(.text)
    I2C3_ER_IRQHandler                       0x0800030b   Thumb Code     0  startup_stm32f401xc.o(.text)
    I2C3_EV_IRQHandler                       0x0800030b   Thumb Code     0  startup_stm32f401xc.o(.text)
    OTG_FS_IRQHandler                        0x0800030b   Thumb Code     0  startup_stm32f401xc.o(.text)
    OTG_FS_WKUP_IRQHandler                   0x0800030b   Thumb Code     0  startup_stm32f401xc.o(.text)
    PVD_IRQHandler                           0x0800030b   Thumb Code     0  startup_stm32f401xc.o(.text)
    RCC_IRQHandler                           0x0800030b   Thumb Code     0  startup_stm32f401xc.o(.text)
    RTC_Alarm_IRQHandler                     0x0800030b   Thumb Code     0  startup_stm32f401xc.o(.text)
    RTC_WKUP_IRQHandler                      0x0800030b   Thumb Code     0  startup_stm32f401xc.o(.text)
    SDIO_IRQHandler                          0x0800030b   Thumb Code     0  startup_stm32f401xc.o(.text)
    SPI1_IRQHandler                          0x0800030b   Thumb Code     0  startup_stm32f401xc.o(.text)
    SPI2_IRQHandler                          0x0800030b   Thumb Code     0  startup_stm32f401xc.o(.text)
    SPI3_IRQHandler                          0x0800030b   Thumb Code     0  startup_stm32f401xc.o(.text)
    SPI4_IRQHandler                          0x0800030b   Thumb Code     0  startup_stm32f401xc.o(.text)
    TAMP_STAMP_IRQHandler                    0x0800030b   Thumb Code     0  startup_stm32f401xc.o(.text)
    TIM1_BRK_TIM9_IRQHandler                 0x0800030b   Thumb Code     0  startup_stm32f401xc.o(.text)
    TIM1_CC_IRQHandler                       0x0800030b   Thumb Code     0  startup_stm32f401xc.o(.text)
    TIM1_TRG_COM_TIM11_IRQHandler            0x0800030b   Thumb Code     0  startup_stm32f401xc.o(.text)
    TIM1_UP_TIM10_IRQHandler                 0x0800030b   Thumb Code     0  startup_stm32f401xc.o(.text)
    TIM2_IRQHandler                          0x0800030b   Thumb Code     0  startup_stm32f401xc.o(.text)
    TIM3_IRQHandler                          0x0800030b   Thumb Code     0  startup_stm32f401xc.o(.text)
    TIM4_IRQHandler                          0x0800030b   Thumb Code     0  startup_stm32f401xc.o(.text)
    TIM5_IRQHandler                          0x0800030b   Thumb Code     0  startup_stm32f401xc.o(.text)
    USART1_IRQHandler                        0x0800030b   Thumb Code     0  startup_stm32f401xc.o(.text)
    USART2_IRQHandler                        0x0800030b   Thumb Code     0  startup_stm32f401xc.o(.text)
    USART6_IRQHandler                        0x0800030b   Thumb Code     0  startup_stm32f401xc.o(.text)
    WWDG_IRQHandler                          0x0800030b   Thumb Code     0  startup_stm32f401xc.o(.text)
    __user_initial_stackheap                 0x0800030d   Thumb Code     0  startup_stm32f401xc.o(.text)
    sprintf                                  0x08000331   Thumb Code    38  sprintf.o(.text)
    strchr                                   0x0800035d   Thumb Code    20  strchr.o(.text)
    memcmp                                   0x08000371   Thumb Code    88  memcmp.o(.text)
    __aeabi_memcpy                           0x080003c9   Thumb Code     0  rt_memcpy_v6.o(.text)
    __rt_memcpy                              0x080003c9   Thumb Code   138  rt_memcpy_v6.o(.text)
    _memcpy_lastbytes                        0x0800042f   Thumb Code     0  rt_memcpy_v6.o(.text)
    __aeabi_memclr4                          0x08000453   Thumb Code     0  rt_memclr_w.o(.text)
    __aeabi_memclr8                          0x08000453   Thumb Code     0  rt_memclr_w.o(.text)
    __rt_memclr_w                            0x08000453   Thumb Code     0  rt_memclr_w.o(.text)
    _memset_w                                0x08000457   Thumb Code    74  rt_memclr_w.o(.text)
    __use_two_region_memory                  0x080004a1   Thumb Code     2  heapauxi.o(.text)
    __rt_heap_escrow$2region                 0x080004a3   Thumb Code     2  heapauxi.o(.text)
    __rt_heap_expand$2region                 0x080004a5   Thumb Code     2  heapauxi.o(.text)
    _printf_pre_padding                      0x080004a7   Thumb Code    44  _printf_pad.o(.text)
    _printf_post_padding                     0x080004d3   Thumb Code    34  _printf_pad.o(.text)
    _printf_truncate_signed                  0x080004f5   Thumb Code    18  _printf_truncate.o(.text)
    _printf_truncate_unsigned                0x08000507   Thumb Code    18  _printf_truncate.o(.text)
    _printf_str                              0x08000519   Thumb Code    82  _printf_str.o(.text)
    _printf_int_dec                          0x0800056d   Thumb Code   104  _printf_dec.o(.text)
    _printf_charcount                        0x080005e5   Thumb Code    40  _printf_charcount.o(.text)
    _printf_char_common                      0x08000617   Thumb Code    32  _printf_char_common.o(.text)
    _sputc                                   0x0800063d   Thumb Code    10  _sputc.o(.text)
    _printf_wctomb                           0x08000649   Thumb Code   182  _printf_wctomb.o(.text)
    _printf_longlong_dec                     0x08000705   Thumb Code   108  _printf_longlong_dec.o(.text)
    _printf_longlong_oct                     0x08000781   Thumb Code    68  _printf_oct_int_ll.o(.text)
    _printf_int_oct                          0x080007c5   Thumb Code    24  _printf_oct_int_ll.o(.text)
    _printf_ll_oct                           0x080007dd   Thumb Code    12  _printf_oct_int_ll.o(.text)
    _printf_longlong_hex                     0x080007f1   Thumb Code    86  _printf_hex_int_ll_ptr.o(.text)
    _printf_int_hex                          0x08000847   Thumb Code    28  _printf_hex_int_ll_ptr.o(.text)
    _printf_ll_hex                           0x08000863   Thumb Code    12  _printf_hex_int_ll_ptr.o(.text)
    _printf_hex_ptr                          0x0800086f   Thumb Code    18  _printf_hex_int_ll_ptr.o(.text)
    __printf                                 0x08000885   Thumb Code   388  __printf_flags_ss_wp.o(.text)
    __aeabi_memcpy4                          0x08000a0d   Thumb Code     0  rt_memcpy_w.o(.text)
    __aeabi_memcpy8                          0x08000a0d   Thumb Code     0  rt_memcpy_w.o(.text)
    __rt_memcpy_w                            0x08000a0d   Thumb Code   100  rt_memcpy_w.o(.text)
    _memcpy_lastbytes_aligned                0x08000a55   Thumb Code     0  rt_memcpy_w.o(.text)
    _ll_udiv10                               0x08000a71   Thumb Code   138  lludiv10.o(.text)
    _printf_int_common                       0x08000afb   Thumb Code   178  _printf_intcommon.o(.text)
    _printf_fp_dec_real                      0x08000d5d   Thumb Code   620  _printf_fp_dec.o(.text)
    _printf_fp_hex_real                      0x08000fc9   Thumb Code   756  _printf_fp_hex.o(.text)
    _printf_cs_common                        0x080012c5   Thumb Code    20  _printf_char.o(.text)
    _printf_char                             0x080012d9   Thumb Code    16  _printf_char.o(.text)
    _printf_string                           0x080012e9   Thumb Code     8  _printf_char.o(.text)
    _printf_lcs_common                       0x080012f1   Thumb Code    20  _printf_wchar.o(.text)
    _printf_wchar                            0x08001305   Thumb Code    16  _printf_wchar.o(.text)
    _printf_wstring                          0x08001315   Thumb Code     8  _printf_wchar.o(.text)
    _c16rtomb                                0x0800131d   Thumb Code    72  _c16rtomb.o(.text)
    _wcrtomb                                 0x0800131d   Thumb Code     0  _c16rtomb.o(.text)
    __user_setup_stackheap                   0x08001365   Thumb Code    74  sys_stackheap_outer.o(.text)
    __rt_ctype_table                         0x080013b1   Thumb Code    16  rt_ctype_table.o(.text)
    __rt_locale                              0x080013c1   Thumb Code     8  rt_locale_intlibspace.o(.text)
    _printf_fp_infnan                        0x080013c9   Thumb Code   112  _printf_fp_infnan.o(.text)
    _btod_etento                             0x08001449   Thumb Code   224  bigflt0.o(.text)
    exit                                     0x0800152d   Thumb Code    18  exit.o(.text)
    __user_libspace                          0x08001541   Thumb Code     8  libspace.o(.text)
    __user_perproc_libspace                  0x08001541   Thumb Code     0  libspace.o(.text)
    __user_perthread_libspace                0x08001541   Thumb Code     0  libspace.o(.text)
    strcmp                                   0x08001549   Thumb Code   124  strcmpv7em.o(.text)
    _sys_exit                                0x080015c5   Thumb Code     8  sys_exit.o(.text)
    __I$use$semihosting                      0x080015d1   Thumb Code     0  use_no_semi.o(.text)
    __use_no_semihosting_swi                 0x080015d1   Thumb Code     2  use_no_semi.o(.text)
    __semihosting_library_function           0x080015d3   Thumb Code     0  indicate_semi.o(.text)
    ADC1_Init                                0x080015d5   Thumb Code    88  source.o(.text.ADC1_Init)
    ADC1_Read                                0x0800162d   Thumb Code    86  source.o(.text.ADC1_Read)
    Debug_Bridge                             0x08001685   Thumb Code    50  source.o(.text.Debug_Bridge)
    ESP_Send                                 0x080016b9   Thumb Code    60  source.o(.text.ESP_Send)
    ESP_Wait_And_Debug                       0x080016f5   Thumb Code    68  source.o(.text.ESP_Wait_And_Debug)
    ESP_Wait_For                             0x08001739   Thumb Code   182  source.o(.text.ESP_Wait_For)
    ESP_Wifi_Setup                           0x080017f1   Thumb Code   118  source.o(.text.ESP_Wifi_Setup)
    Flush_ESP                                0x08001869   Thumb Code    84  source.o(.text.Flush_ESP)
    SPI1_Init                                0x08001945   Thumb Code   118  source.o(.text.SPI1_Init)
    SystemInit                               0x08001a0d   Thumb Code    18  system_stm32f4xx.o(.text.SystemInit)
    USART1_Init                              0x08001a21   Thumb Code   108  source.o(.text.USART1_Init)
    USART1_SendChar                          0x08001a8d   Thumb Code    46  source.o(.text.USART1_SendChar)
    USART1_SendString                        0x08001abd   Thumb Code    34  source.o(.text.USART1_SendString)
    USART2_Init                              0x08001ae1   Thumb Code   108  source.o(.text.USART2_Init)
    disk_initialize                          0x08002689   Thumb Code   202  diskio.o(.text.disk_initialize)
    disk_ioctl                               0x08002755   Thumb Code   100  diskio.o(.text.disk_ioctl)
    disk_read                                0x080027b9   Thumb Code   244  diskio.o(.text.disk_read)
    disk_status                              0x080028ad   Thumb Code    38  diskio.o(.text.disk_status)
    disk_write                               0x080028d5   Thumb Code   222  diskio.o(.text.disk_write)
    f_close                                  0x080029b5   Thumb Code    62  ff.o(.text.f_close)
    f_mount                                  0x080029f5   Thumb Code   170  ff.o(.text.f_mount)
    f_open                                   0x08002aa1   Thumb Code   838  ff.o(.text.f_open)
    f_printf                                 0x08002de9   Thumb Code  1162  ff.o(.text.f_printf)
    f_sync                                   0x08003275   Thumb Code   234  ff.o(.text.f_sync)
    f_write                                  0x08003361   Thumb Code   726  ff.o(.text.f_write)
    get_fattime                              0x0800394d   Thumb Code     8  diskio.o(.text.get_fattime)
    main                                     0x08003a95   Thumb Code  1282  source.o(.text.main)
    _btod_d2e                                0x080049cf   Thumb Code    62  btod.o(CL$$btod_d2e)
    _d2e_denorm_low                          0x08004a0d   Thumb Code    70  btod.o(CL$$btod_d2e_denorm_low)
    _d2e_norm_op1                            0x08004a53   Thumb Code    96  btod.o(CL$$btod_d2e_norm_op1)
    __btod_div_common                        0x08004ab5   Thumb Code   696  btod.o(CL$$btod_div_common)
    _e2e                                     0x08004ded   Thumb Code   220  btod.o(CL$$btod_e2e)
    _btod_ediv                               0x08004ec9   Thumb Code    42  btod.o(CL$$btod_ediv)
    _btod_emul                               0x08004ef3   Thumb Code    42  btod.o(CL$$btod_emul)
    __btod_mult_common                       0x08004f1d   Thumb Code   580  btod.o(CL$$btod_mult_common)
    __ARM_fpclassify                         0x08005161   Thumb Code    48  fpclassify.o(i.__ARM_fpclassify)
    _is_digit                                0x08005191   Thumb Code    14  __printf_wp.o(i._is_digit)
    _get_lc_numeric                          0x080051a1   Thumb Code    44  lc_numeric_c.o(locale$$code)
    _get_lc_ctype                            0x080051cd   Thumb Code    44  lc_ctype_c.o(locale$$code)
    _fp_init                                 0x080051f9   Thumb Code    26  fpinit.o(x$fpl$fpinit)
    __fplib_config_fpu_vfp                   0x08005211   Thumb Code     0  fpinit.o(x$fpl$fpinit)
    __fplib_config_pureend_doubles           0x08005211   Thumb Code     0  fpinit.o(x$fpl$fpinit)
    _printf_fp_dec                           0x08005213   Thumb Code     4  printf1.o(x$fpl$printf1)
    _printf_fp_hex                           0x08005217   Thumb Code     4  printf2.o(x$fpl$printf2)
    __I$use$fp                               0x0800521a   Number         0  usenofp.o(x$fpl$usenofp)
    Region$$Table$$Base                      0x080057b4   Number         0  anon$$obj.o(Region$$Table)
    Region$$Table$$Limit                     0x080057c4   Number         0  anon$$obj.o(Region$$Table)
    __ctype                                  0x080057ed   Data           0  lc_ctype_c.o(locale$$data)
    __libspace_start                         0x20000000   Data          96  libspace.o(.bss)
    __temporary_stack_top$libspace           0x20000060   Data           0  libspace.o(.bss)
    fil                                      0x20000068   Data         552  source.o(.bss.fil)
    fs                                       0x20000290   Data         560  source.o(.bss.fs)
    http_request                             0x200004c0   Data         512  source.o(.bss.http_request)
    json_payload                             0x200006c0   Data         256  source.o(.bss.json_payload)
    wifi_cmd                                 0x200007c0   Data          30  source.o(.bss.wifi_cmd)



==============================================================================

Memory Map of the image

  Image Entry point : 0x080002f1

  Load Region LR_1 (Base: 0x08000000, Size: 0x000058f0, Max: 0xffffffff, ABSOLUTE)

    Execution Region ER_RO (Exec base: 0x08000000, Load base: 0x08000000, Size: 0x000058f0, Max: 0xffffffff, ABSOLUTE)

    Exec Addr    Load Addr    Size         Type   Attr      Idx    E Section Name        Object

    0x08000000   0x08000000   0x00000194   Data   RO          192    RESET               startup_stm32f401xc.o
    0x08000194   0x08000194   0x00000008   Code   RO          227  * !!!main             c_w.l(__main.o)
    0x0800019c   0x0800019c   0x0000005c   Code   RO          566    !!!scatter          c_w.l(__scatter.o)
    0x080001f8   0x080001f8   0x00000002   Code   RO          567    !!handler_null      c_w.l(__scatter.o)
    0x080001fa   0x080001fa   0x00000002   PAD
    0x080001fc   0x080001fc   0x0000001c   Code   RO          570    !!handler_zi        c_w.l(__scatter_zi.o)
    0x08000218   0x08000218   0x00000000   Code   RO          311    .ARM.Collect$$_printf_percent$$00000000  c_w.l(_printf_percent.o)
    0x08000218   0x08000218   0x00000006   Code   RO          300    .ARM.Collect$$_printf_percent$$00000001  c_w.l(_printf_n.o)
    0x0800021e   0x0800021e   0x00000006   Code   RO          302    .ARM.Collect$$_printf_percent$$00000002  c_w.l(_printf_p.o)
    0x08000224   0x08000224   0x00000006   Code   RO          307    .ARM.Collect$$_printf_percent$$00000003  c_w.l(_printf_f.o)
    0x0800022a   0x0800022a   0x00000006   Code   RO          308    .ARM.Collect$$_printf_percent$$00000004  c_w.l(_printf_e.o)
    0x08000230   0x08000230   0x00000006   Code   RO          309    .ARM.Collect$$_printf_percent$$00000005  c_w.l(_printf_g.o)
    0x08000236   0x08000236   0x00000006   Code   RO          310    .ARM.Collect$$_printf_percent$$00000006  c_w.l(_printf_a.o)
    0x0800023c   0x0800023c   0x0000000a   Code   RO          315    .ARM.Collect$$_printf_percent$$00000007  c_w.l(_printf_ll.o)
    0x08000246   0x08000246   0x00000006   Code   RO          304    .ARM.Collect$$_printf_percent$$00000008  c_w.l(_printf_i.o)
    0x0800024c   0x0800024c   0x00000006   Code   RO          305    .ARM.Collect$$_printf_percent$$00000009  c_w.l(_printf_d.o)
    0x08000252   0x08000252   0x00000006   Code   RO          306    .ARM.Collect$$_printf_percent$$0000000A  c_w.l(_printf_u.o)
    0x08000258   0x08000258   0x00000006   Code   RO          303    .ARM.Collect$$_printf_percent$$0000000B  c_w.l(_printf_o.o)
    0x0800025e   0x0800025e   0x00000006   Code   RO          301    .ARM.Collect$$_printf_percent$$0000000C  c_w.l(_printf_x.o)
    0x08000264   0x08000264   0x00000006   Code   RO          312    .ARM.Collect$$_printf_percent$$0000000D  c_w.l(_printf_lli.o)
    0x0800026a   0x0800026a   0x00000006   Code   RO          313    .ARM.Collect$$_printf_percent$$0000000E  c_w.l(_printf_lld.o)
    0x08000270   0x08000270   0x00000006   Code   RO          314    .ARM.Collect$$_printf_percent$$0000000F  c_w.l(_printf_llu.o)
    0x08000276   0x08000276   0x00000006   Code   RO          319    .ARM.Collect$$_printf_percent$$00000010  c_w.l(_printf_llo.o)
    0x0800027c   0x0800027c   0x00000006   Code   RO          320    .ARM.Collect$$_printf_percent$$00000011  c_w.l(_printf_llx.o)
    0x08000282   0x08000282   0x0000000a   Code   RO          316    .ARM.Collect$$_printf_percent$$00000012  c_w.l(_printf_l.o)
    0x0800028c   0x0800028c   0x00000006   Code   RO          298    .ARM.Collect$$_printf_percent$$00000013  c_w.l(_printf_c.o)
    0x08000292   0x08000292   0x00000006   Code   RO          299    .ARM.Collect$$_printf_percent$$00000014  c_w.l(_printf_s.o)
    0x08000298   0x08000298   0x00000006   Code   RO          317    .ARM.Collect$$_printf_percent$$00000015  c_w.l(_printf_lc.o)
    0x0800029e   0x0800029e   0x00000006   Code   RO          318    .ARM.Collect$$_printf_percent$$00000016  c_w.l(_printf_ls.o)
    0x080002a4   0x080002a4   0x00000004   Code   RO          363    .ARM.Collect$$_printf_percent$$00000017  c_w.l(_printf_percent_end.o)
    0x080002a8   0x080002a8   0x00000002   Code   RO          414    .ARM.Collect$$libinit$$00000000  c_w.l(libinit.o)
    0x080002aa   0x080002aa   0x00000004   Code   RO          432    .ARM.Collect$$libinit$$00000001  c_w.l(libinit2.o)
    0x080002ae   0x080002ae   0x00000000   Code   RO          435    .ARM.Collect$$libinit$$00000004  c_w.l(libinit2.o)
    0x080002ae   0x080002ae   0x00000000   Code   RO          437    .ARM.Collect$$libinit$$00000006  c_w.l(libinit2.o)
    0x080002ae   0x080002ae   0x00000000   Code   RO          440    .ARM.Collect$$libinit$$0000000C  c_w.l(libinit2.o)
    0x080002ae   0x080002ae   0x00000000   Code   RO          442    .ARM.Collect$$libinit$$0000000E  c_w.l(libinit2.o)
    0x080002ae   0x080002ae   0x00000000   Code   RO          444    .ARM.Collect$$libinit$$00000010  c_w.l(libinit2.o)
    0x080002ae   0x080002ae   0x00000006   Code   RO          445    .ARM.Collect$$libinit$$00000011  c_w.l(libinit2.o)
    0x080002b4   0x080002b4   0x00000000   Code   RO          447    .ARM.Collect$$libinit$$00000013  c_w.l(libinit2.o)
    0x080002b4   0x080002b4   0x0000000c   Code   RO          448    .ARM.Collect$$libinit$$00000014  c_w.l(libinit2.o)
    0x080002c0   0x080002c0   0x00000000   Code   RO          449    .ARM.Collect$$libinit$$00000015  c_w.l(libinit2.o)
    0x080002c0   0x080002c0   0x00000000   Code   RO          451    .ARM.Collect$$libinit$$00000017  c_w.l(libinit2.o)
    0x080002c0   0x080002c0   0x0000000a   Code   RO          452    .ARM.Collect$$libinit$$00000018  c_w.l(libinit2.o)
    0x080002ca   0x080002ca   0x00000000   Code   RO          453    .ARM.Collect$$libinit$$00000019  c_w.l(libinit2.o)
    0x080002ca   0x080002ca   0x00000000   Code   RO          455    .ARM.Collect$$libinit$$0000001B  c_w.l(libinit2.o)
    0x080002ca   0x080002ca   0x00000000   Code   RO          457    .ARM.Collect$$libinit$$0000001D  c_w.l(libinit2.o)
    0x080002ca   0x080002ca   0x00000000   Code   RO          459    .ARM.Collect$$libinit$$0000001F  c_w.l(libinit2.o)
    0x080002ca   0x080002ca   0x00000000   Code   RO          461    .ARM.Collect$$libinit$$00000021  c_w.l(libinit2.o)
    0x080002ca   0x080002ca   0x00000000   Code   RO          463    .ARM.Collect$$libinit$$00000023  c_w.l(libinit2.o)
    0x080002ca   0x080002ca   0x00000000   Code   RO          465    .ARM.Collect$$libinit$$00000025  c_w.l(libinit2.o)
    0x080002ca   0x080002ca   0x00000000   Code   RO          467    .ARM.Collect$$libinit$$00000027  c_w.l(libinit2.o)
    0x080002ca   0x080002ca   0x00000000   Code   RO          471    .ARM.Collect$$libinit$$0000002E  c_w.l(libinit2.o)
    0x080002ca   0x080002ca   0x00000000   Code   RO          473    .ARM.Collect$$libinit$$00000030  c_w.l(libinit2.o)
    0x080002ca   0x080002ca   0x00000000   Code   RO          475    .ARM.Collect$$libinit$$00000032  c_w.l(libinit2.o)
    0x080002ca   0x080002ca   0x00000000   Code   RO          477    .ARM.Collect$$libinit$$00000034  c_w.l(libinit2.o)
    0x080002ca   0x080002ca   0x00000002   Code   RO          478    .ARM.Collect$$libinit$$00000035  c_w.l(libinit2.o)
    0x080002cc   0x080002cc   0x00000002   Code   RO          502    .ARM.Collect$$libshutdown$$00000000  c_w.l(libshutdown.o)
    0x080002ce   0x080002ce   0x00000000   Code   RO          517    .ARM.Collect$$libshutdown$$00000002  c_w.l(libshutdown2.o)
    0x080002ce   0x080002ce   0x00000000   Code   RO          519    .ARM.Collect$$libshutdown$$00000004  c_w.l(libshutdown2.o)
    0x080002ce   0x080002ce   0x00000000   Code   RO          522    .ARM.Collect$$libshutdown$$00000007  c_w.l(libshutdown2.o)
    0x080002ce   0x080002ce   0x00000000   Code   RO          525    .ARM.Collect$$libshutdown$$0000000A  c_w.l(libshutdown2.o)
    0x080002ce   0x080002ce   0x00000000   Code   RO          527    .ARM.Collect$$libshutdown$$0000000C  c_w.l(libshutdown2.o)
    0x080002ce   0x080002ce   0x00000000   Code   RO          530    .ARM.Collect$$libshutdown$$0000000F  c_w.l(libshutdown2.o)
    0x080002ce   0x080002ce   0x00000002   Code   RO          531    .ARM.Collect$$libshutdown$$00000010  c_w.l(libshutdown2.o)
    0x080002d0   0x080002d0   0x00000000   Code   RO          229    .ARM.Collect$$rtentry$$00000000  c_w.l(__rtentry.o)
    0x080002d0   0x080002d0   0x00000000   Code   RO          332    .ARM.Collect$$rtentry$$00000002  c_w.l(__rtentry2.o)
    0x080002d0   0x080002d0   0x00000006   Code   RO          344    .ARM.Collect$$rtentry$$00000004  c_w.l(__rtentry4.o)
    0x080002d6   0x080002d6   0x00000000   Code   RO          334    .ARM.Collect$$rtentry$$00000009  c_w.l(__rtentry2.o)
    0x080002d6   0x080002d6   0x00000004   Code   RO          335    .ARM.Collect$$rtentry$$0000000A  c_w.l(__rtentry2.o)
    0x080002da   0x080002da   0x00000000   Code   RO          337    .ARM.Collect$$rtentry$$0000000C  c_w.l(__rtentry2.o)
    0x080002da   0x080002da   0x00000008   Code   RO          338    .ARM.Collect$$rtentry$$0000000D  c_w.l(__rtentry2.o)
    0x080002e2   0x080002e2   0x00000002   Code   RO          423    .ARM.Collect$$rtexit$$00000000  c_w.l(rtexit.o)
    0x080002e4   0x080002e4   0x00000000   Code   RO          480    .ARM.Collect$$rtexit$$00000002  c_w.l(rtexit2.o)
    0x080002e4   0x080002e4   0x00000004   Code   RO          481    .ARM.Collect$$rtexit$$00000003  c_w.l(rtexit2.o)
    0x080002e8   0x080002e8   0x00000006   Code   RO          482    .ARM.Collect$$rtexit$$00000004  c_w.l(rtexit2.o)
    0x080002ee   0x080002ee   0x00000002   PAD
    0x080002f0   0x080002f0   0x00000040   Code   RO          193  * .text               startup_stm32f401xc.o
    0x08000330   0x08000330   0x0000002c   Code   RO          215    .text               c_w.l(sprintf.o)
    0x0800035c   0x0800035c   0x00000014   Code   RO          217    .text               c_w.l(strchr.o)
    0x08000370   0x08000370   0x00000058   Code   RO          219    .text               c_w.l(memcmp.o)
    0x080003c8   0x080003c8   0x0000008a   Code   RO          221    .text               c_w.l(rt_memcpy_v6.o)
    0x08000452   0x08000452   0x0000004e   Code   RO          223    .text               c_w.l(rt_memclr_w.o)
    0x080004a0   0x080004a0   0x00000006   Code   RO          225    .text               c_w.l(heapauxi.o)
    0x080004a6   0x080004a6   0x0000004e   Code   RO          232    .text               c_w.l(_printf_pad.o)
    0x080004f4   0x080004f4   0x00000024   Code   RO          234    .text               c_w.l(_printf_truncate.o)
    0x08000518   0x08000518   0x00000052   Code   RO          236    .text               c_w.l(_printf_str.o)
    0x0800056a   0x0800056a   0x00000002   PAD
    0x0800056c   0x0800056c   0x00000078   Code   RO          238    .text               c_w.l(_printf_dec.o)
    0x080005e4   0x080005e4   0x00000028   Code   RO          240    .text               c_w.l(_printf_charcount.o)
    0x0800060c   0x0800060c   0x00000030   Code   RO          242    .text               c_w.l(_printf_char_common.o)
    0x0800063c   0x0800063c   0x0000000a   Code   RO          244    .text               c_w.l(_sputc.o)
    0x08000646   0x08000646   0x00000002   PAD
    0x08000648   0x08000648   0x000000bc   Code   RO          246    .text               c_w.l(_printf_wctomb.o)
    0x08000704   0x08000704   0x0000007c   Code   RO          249    .text               c_w.l(_printf_longlong_dec.o)
    0x08000780   0x08000780   0x00000070   Code   RO          255    .text               c_w.l(_printf_oct_int_ll.o)
    0x080007f0   0x080007f0   0x00000094   Code   RO          275    .text               c_w.l(_printf_hex_int_ll_ptr.o)
    0x08000884   0x08000884   0x00000188   Code   RO          295    .text               c_w.l(__printf_flags_ss_wp.o)
    0x08000a0c   0x08000a0c   0x00000064   Code   RO          321    .text               c_w.l(rt_memcpy_w.o)
    0x08000a70   0x08000a70   0x0000008a   Code   RO          346    .text               c_w.l(lludiv10.o)
    0x08000afa   0x08000afa   0x000000b2   Code   RO          348    .text               c_w.l(_printf_intcommon.o)
    0x08000bac   0x08000bac   0x0000041c   Code   RO          350    .text               c_w.l(_printf_fp_dec.o)
    0x08000fc8   0x08000fc8   0x000002fc   Code   RO          354    .text               c_w.l(_printf_fp_hex.o)
    0x080012c4   0x080012c4   0x0000002c   Code   RO          359    .text               c_w.l(_printf_char.o)
    0x080012f0   0x080012f0   0x0000002c   Code   RO          361    .text               c_w.l(_printf_wchar.o)
    0x0800131c   0x0800131c   0x00000048   Code   RO          364    .text               c_w.l(_c16rtomb.o)
    0x08001364   0x08001364   0x0000004a   Code   RO          366    .text               c_w.l(sys_stackheap_outer.o)
    0x080013ae   0x080013ae   0x00000002   PAD
    0x080013b0   0x080013b0   0x00000010   Code   RO          368    .text               c_w.l(rt_ctype_table.o)
    0x080013c0   0x080013c0   0x00000008   Code   RO          373    .text               c_w.l(rt_locale_intlibspace.o)
    0x080013c8   0x080013c8   0x00000080   Code   RO          375    .text               c_w.l(_printf_fp_infnan.o)
    0x08001448   0x08001448   0x000000e4   Code   RO          377    .text               c_w.l(bigflt0.o)
    0x0800152c   0x0800152c   0x00000012   Code   RO          407    .text               c_w.l(exit.o)
    0x0800153e   0x0800153e   0x00000002   PAD
    0x08001540   0x08001540   0x00000008   Code   RO          420    .text               c_w.l(libspace.o)
    0x08001548   0x08001548   0x0000007c   Code   RO          430    .text               c_w.l(strcmpv7em.o)
    0x080015c4   0x080015c4   0x0000000c   Code   RO          492    .text               c_w.l(sys_exit.o)
    0x080015d0   0x080015d0   0x00000002   Code   RO          507    .text               c_w.l(use_no_semi.o)
    0x080015d2   0x080015d2   0x00000000   Code   RO          509    .text               c_w.l(indicate_semi.o)
    0x080015d2   0x080015d2   0x00000002   PAD
    0x080015d4   0x080015d4   0x00000058   Code   RO           26    .text.ADC1_Init     source.o
    0x0800162c   0x0800162c   0x00000056   Code   RO           28    .text.ADC1_Read     source.o
    0x08001682   0x08001682   0x00000002   PAD
    0x08001684   0x08001684   0x00000032   Code   RO           14    .text.Debug_Bridge  source.o
    0x080016b6   0x080016b6   0x00000002   PAD
    0x080016b8   0x080016b8   0x0000003c   Code   RO           16    .text.ESP_Send      source.o
    0x080016f4   0x080016f4   0x00000044   Code   RO           18    .text.ESP_Wait_And_Debug  source.o
    0x08001738   0x08001738   0x000000b6   Code   RO           22    .text.ESP_Wait_For  source.o
    0x080017ee   0x080017ee   0x00000002   PAD
    0x080017f0   0x080017f0   0x00000076   Code   RO           24    .text.ESP_Wifi_Setup  source.o
    0x08001866   0x08001866   0x00000002   PAD
    0x08001868   0x08001868   0x00000054   Code   RO           20    .text.Flush_ESP     source.o
    0x080018bc   0x080018bc   0x00000086   Code   RO           52    .text.SD_SendCommand  diskio.o
    0x08001942   0x08001942   0x00000002   PAD
    0x08001944   0x08001944   0x00000076   Code   RO            4    .text.SPI1_Init     source.o
    0x080019ba   0x080019ba   0x00000002   PAD
    0x080019bc   0x080019bc   0x0000004e   Code   RO           50    .text.SPI_TxRx      diskio.o
    0x08001a0a   0x08001a0a   0x00000002   PAD
    0x08001a0c   0x08001a0c   0x00000012   Code   RO          200    .text.SystemInit    system_stm32f4xx.o
    0x08001a1e   0x08001a1e   0x00000002   PAD
    0x08001a20   0x08001a20   0x0000006c   Code   RO            6    .text.USART1_Init   source.o
    0x08001a8c   0x08001a8c   0x0000002e   Code   RO            8    .text.USART1_SendChar  source.o
    0x08001aba   0x08001aba   0x00000002   PAD
    0x08001abc   0x08001abc   0x00000022   Code   RO           10    .text.USART1_SendString  source.o
    0x08001ade   0x08001ade   0x00000002   PAD
    0x08001ae0   0x08001ae0   0x0000006c   Code   RO           12    .text.USART2_Init   source.o
    0x08001b4c   0x08001b4c   0x00000148   Code   RO          163    .text.check_fs      ff.o
    0x08001c94   0x08001c94   0x00000036   Code   RO           95    .text.clst2sect     ff.o
    0x08001cca   0x08001cca   0x00000002   PAD
    0x08001ccc   0x08001ccc   0x000001ea   Code   RO          103    .text.create_chain  ff.o
    0x08001eb6   0x08001eb6   0x00000002   PAD
    0x08001eb8   0x08001eb8   0x000001da   Code   RO          165    .text.create_name   ff.o
    0x08002092   0x08002092   0x00000002   PAD
    0x08002094   0x08002094   0x00000070   Code   RO          169    .text.dbc_1st       ff.o
    0x08002104   0x08002104   0x0000009e   Code   RO          171    .text.dbc_2nd       ff.o
    0x080021a2   0x080021a2   0x00000002   PAD
    0x080021a4   0x080021a4   0x000000a2   Code   RO          173    .text.dir_alloc     ff.o
    0x08002246   0x08002246   0x00000002   PAD
    0x08002248   0x08002248   0x000000a0   Code   RO          143    .text.dir_clear     ff.o
    0x080022e8   0x080022e8   0x000000b4   Code   RO          167    .text.dir_find      ff.o
    0x0800239c   0x0800239c   0x00000158   Code   RO          127    .text.dir_next      ff.o
    0x080024f4   0x080024f4   0x00000076   Code   RO           79    .text.dir_register  ff.o
    0x0800256a   0x0800256a   0x00000002   PAD
    0x0800256c   0x0800256c   0x0000011a   Code   RO          117    .text.dir_sdi       ff.o
    0x08002686   0x08002686   0x00000002   PAD
    0x08002688   0x08002688   0x000000ca   Code   RO           48    .text.disk_initialize  diskio.o
    0x08002752   0x08002752   0x00000002   PAD
    0x08002754   0x08002754   0x00000064   Code   RO           58    .text.disk_ioctl    diskio.o
    0x080027b8   0x080027b8   0x000000f4   Code   RO           54    .text.disk_read     diskio.o
    0x080028ac   0x080028ac   0x00000026   Code   RO           46    .text.disk_status   diskio.o
    0x080028d2   0x080028d2   0x00000002   PAD
    0x080028d4   0x080028d4   0x000000de   Code   RO           56    .text.disk_write    diskio.o
    0x080029b2   0x080029b2   0x00000002   PAD
    0x080029b4   0x080029b4   0x0000003e   Code   RO          111    .text.f_close       ff.o
    0x080029f2   0x080029f2   0x00000002   PAD
    0x080029f4   0x080029f4   0x000000aa   Code   RO           69    .text.f_mount       ff.o
    0x08002a9e   0x08002a9e   0x00000002   PAD
    0x08002aa0   0x08002aa0   0x00000346   Code   RO           75    .text.f_open        ff.o
    0x08002de6   0x08002de6   0x00000002   PAD
    0x08002de8   0x08002de8   0x0000048a   Code   RO          159    .text.f_printf      ff.o
    0x08003272   0x08003272   0x00000002   PAD
    0x08003274   0x08003274   0x000000ea   Code   RO          105    .text.f_sync        ff.o
    0x0800335e   0x0800335e   0x00000002   PAD
    0x08003360   0x08003360   0x000002d6   Code   RO          101    .text.f_write       ff.o
    0x08003636   0x08003636   0x00000002   PAD
    0x08003638   0x08003638   0x000000e0   Code   RO          161    .text.find_volume   ff.o
    0x08003718   0x08003718   0x000000fe   Code   RO           77    .text.follow_path   ff.o
    0x08003816   0x08003816   0x00000002   PAD
    0x08003818   0x08003818   0x00000132   Code   RO           93    .text.get_fat       ff.o
    0x0800394a   0x0800394a   0x00000002   PAD
    0x0800394c   0x0800394c   0x00000008   Code   RO           60    .text.get_fattime   diskio.o
    0x08003954   0x08003954   0x000000b0   Code   RO           71    .text.get_ldnumber  ff.o
    0x08003a04   0x08003a04   0x00000024   Code   RO          133    .text.ld_16         ff.o
    0x08003a28   0x08003a28   0x00000034   Code   RO           91    .text.ld_32         ff.o
    0x08003a5c   0x08003a5c   0x00000036   Code   RO           83    .text.ld_clust      ff.o
    0x08003a92   0x08003a92   0x00000002   PAD
    0x08003a94   0x08003a94   0x00000502   Code   RO           30    .text.main          source.o
    0x08003f96   0x08003f96   0x00000002   PAD
    0x08003f98   0x08003f98   0x0000040e   Code   RO           73    .text.mount_volume  ff.o
    0x080043a6   0x080043a6   0x00000002   PAD
    0x080043a8   0x080043a8   0x0000005e   Code   RO           89    .text.move_window   ff.o
    0x08004406   0x08004406   0x00000002   PAD
    0x08004408   0x08004408   0x000001b2   Code   RO          175    .text.put_fat       ff.o
    0x080045ba   0x080045ba   0x00000002   PAD
    0x080045bc   0x080045bc   0x0000006c   Code   RO          153    .text.putc_bfd      ff.o
    0x08004628   0x08004628   0x00000046   Code   RO          155    .text.putc_flush    ff.o
    0x0800466e   0x0800466e   0x00000002   PAD
    0x08004670   0x08004670   0x0000001a   Code   RO          151    .text.putc_init     ff.o
    0x0800468a   0x0800468a   0x00000002   PAD
    0x0800468c   0x0800468c   0x000000f4   Code   RO           87    .text.remove_chain  ff.o
    0x08004780   0x08004780   0x0000002c   Code   RO          107    .text.st_16         ff.o
    0x080047ac   0x080047ac   0x00000044   Code   RO           81    .text.st_32         ff.o
    0x080047f0   0x080047f0   0x00000032   Code   RO           85    .text.st_clust      ff.o
    0x08004822   0x08004822   0x00000002   PAD
    0x08004824   0x08004824   0x000000c4   Code   RO          109    .text.sync_fs       ff.o
    0x080048e8   0x080048e8   0x00000074   Code   RO          177    .text.sync_window   ff.o
    0x0800495c   0x0800495c   0x00000072   Code   RO           99    .text.validate      ff.o
    0x080049ce   0x080049ce   0x0000003e   Code   RO          380    CL$$btod_d2e        c_w.l(btod.o)
    0x08004a0c   0x08004a0c   0x00000046   Code   RO          382    CL$$btod_d2e_denorm_low  c_w.l(btod.o)
    0x08004a52   0x08004a52   0x00000060   Code   RO          381    CL$$btod_d2e_norm_op1  c_w.l(btod.o)
    0x08004ab2   0x08004ab2   0x00000002   PAD
    0x08004ab4   0x08004ab4   0x00000338   Code   RO          390    CL$$btod_div_common  c_w.l(btod.o)
    0x08004dec   0x08004dec   0x000000dc   Code   RO          387    CL$$btod_e2e        c_w.l(btod.o)
    0x08004ec8   0x08004ec8   0x0000002a   Code   RO          384    CL$$btod_ediv       c_w.l(btod.o)
    0x08004ef2   0x08004ef2   0x0000002a   Code   RO          383    CL$$btod_emul       c_w.l(btod.o)
    0x08004f1c   0x08004f1c   0x00000244   Code   RO          389    CL$$btod_mult_common  c_w.l(btod.o)
    0x08005160   0x08005160   0x00000030   Code   RO          418    i.__ARM_fpclassify  m_wm.l(fpclassify.o)
    0x08005190   0x08005190   0x0000000e   Code   RO          288    i._is_digit         c_w.l(__printf_wp.o)
    0x0800519e   0x0800519e   0x00000002   PAD
    0x080051a0   0x080051a0   0x0000002c   Code   RO          405    locale$$code        c_w.l(lc_numeric_c.o)
    0x080051cc   0x080051cc   0x0000002c   Code   RO          428    locale$$code        c_w.l(lc_ctype_c.o)
    0x080051f8   0x080051f8   0x0000001a   Code   RO          490    x$fpl$fpinit        fz_wm.l(fpinit.o)
    0x08005212   0x08005212   0x00000004   Code   RO          323    x$fpl$printf1       fz_wm.l(printf1.o)
    0x08005216   0x08005216   0x00000004   Code   RO          325    x$fpl$printf2       fz_wm.l(printf2.o)
    0x0800521a   0x0800521a   0x00000000   Code   RO          417    x$fpl$usenofp       fz_wm.l(usenofp.o)
    0x0800521a   0x0800521a   0x00000002   PAD
    0x0800521c   0x0800521c   0x00000008   Data   RO          247    .constdata          c_w.l(_printf_wctomb.o)
    0x08005224   0x08005224   0x00000028   Data   RO          276    .constdata          c_w.l(_printf_hex_int_ll_ptr.o)
    0x0800524c   0x0800524c   0x00000011   Data   RO          296    .constdata          c_w.l(__printf_flags_ss_wp.o)
    0x0800525d   0x0800525d   0x00000026   Data   RO          355    .constdata          c_w.l(_printf_fp_hex.o)
    0x08005283   0x08005283   0x00000001   PAD
    0x08005284   0x08005284   0x00000094   Data   RO          378    .constdata          c_w.l(bigflt0.o)
    0x08005318   0x08005318   0x0000000a   Data   RO          182    .rodata.DbcTbl      ff.o
    0x08005322   0x08005322   0x0000047a   Data   RO           32    .rodata.str1.1      source.o
    0x0800579c   0x0800579c   0x00000018   Data   RO          181    .rodata.str1.1      ff.o
    0x080057b4   0x080057b4   0x00000010   Data   RO          565    Region$$Table       anon$$obj.o
    0x080057c4   0x080057c4   0x0000001c   Data   RO          404    locale$$data        c_w.l(lc_numeric_c.o)
    0x080057e0   0x080057e0   0x00000110   Data   RO          427    locale$$data        c_w.l(lc_ctype_c.o)


    Execution Region ER_RW (Exec base: 0x20000000, Load base: 0x080058f0, Size: 0x00000000, Max: 0xffffffff, ABSOLUTE)

    **** No section assigned to this execution region ****


    Execution Region ER_ZI (Exec base: 0x20000000, Load base: 0x080058f0, Size: 0x00000de0, Max: 0xffffffff, ABSOLUTE)

    Exec Addr    Load Addr    Size         Type   Attr      Idx    E Section Name        Object

    0x20000000        -       0x00000060   Zero   RW          421    .bss                c_w.l(libspace.o)
    0x20000060        -       0x00000004   Zero   RW          179    .bss.FatFs          ff.o
    0x20000064        -       0x00000002   Zero   RW          180    .bss.Fsid           ff.o
    0x20000066   0x080058f0   0x00000002   PAD
    0x20000068        -       0x00000228   Zero   RW           35    .bss.fil            source.o
    0x20000290        -       0x00000230   Zero   RW           33    .bss.fs             source.o
    0x200004c0        -       0x00000200   Zero   RW           36    .bss.http_request   source.o
    0x200006c0        -       0x00000100   Zero   RW           34    .bss.json_payload   source.o
    0x200007c0        -       0x0000001e   Zero   RW           37    .bss.wifi_cmd       source.o
    0x200007de   0x080058f0   0x00000002   PAD
    0x200007e0        -       0x00000200   Zero   RW          191    HEAP                startup_stm32f401xc.o
    0x200009e0        -       0x00000400   Zero   RW          190    STACK               startup_stm32f401xc.o


==============================================================================

Image component sizes


      Code (inc. data)   RO Data    RW Data    ZI Data      Debug   Object Name

      1026          0          0          0          0       3332   diskio.o
      9758         34         34          0          6      26318   ff.o
      2432          0       1146          0       1910       8340   source.o
        64         26        404          0       1536        856   startup_stm32f401xc.o
        18          0          0          0          0       2782   system_stm32f4xx.o

    ----------------------------------------------------------------------
     13370         60       1600          0       3456      41628   Object Totals
         0          0         16          0          0          0   (incl. Generated)
        72          0          0          0          4          0   (incl. Padding)

    ----------------------------------------------------------------------

      Code (inc. data)   RO Data    RW Data    ZI Data      Debug   Library Member Name

         8          0          0          0          0         68   __main.o
       392          4         17          0          0         92   __printf_flags_ss_wp.o
        14          0          0          0          0         68   __printf_wp.o
         0          0          0          0          0          0   __rtentry.o
        12          0          0          0          0          0   __rtentry2.o
         6          0          0          0          0          0   __rtentry4.o
        94          8          0          0          0          0   __scatter.o
        28          0          0          0          0          0   __scatter_zi.o
        72          0          0          0          0         96   _c16rtomb.o
         6          0          0          0          0          0   _printf_a.o
         6          0          0          0          0          0   _printf_c.o
        44          0          0          0          0        108   _printf_char.o
        48          6          0          0          0         96   _printf_char_common.o
        40          0          0          0          0         68   _printf_charcount.o
         6          0          0          0          0          0   _printf_d.o
       120         16          0          0          0         92   _printf_dec.o
         6          0          0          0          0          0   _printf_e.o
         6          0          0          0          0          0   _printf_f.o
      1052          0          0          0          0        148   _printf_fp_dec.o
       764          8         38          0          0        100   _printf_fp_hex.o
       128         16          0          0          0         84   _printf_fp_infnan.o
         6          0          0          0          0          0   _printf_g.o
       148          4         40          0          0        160   _printf_hex_int_ll_ptr.o
         6          0          0          0          0          0   _printf_i.o
       178          0          0          0          0         88   _printf_intcommon.o
        10          0          0          0          0          0   _printf_l.o
         6          0          0          0          0          0   _printf_lc.o
        10          0          0          0          0          0   _printf_ll.o
         6          0          0          0          0          0   _printf_lld.o
         6          0          0          0          0          0   _printf_lli.o
         6          0          0          0          0          0   _printf_llo.o
         6          0          0          0          0          0   _printf_llu.o
         6          0          0          0          0          0   _printf_llx.o
       124         16          0          0          0         92   _printf_longlong_dec.o
         6          0          0          0          0          0   _printf_ls.o
         6          0          0          0          0          0   _printf_n.o
         6          0          0          0          0          0   _printf_o.o
       112          8          0          0          0        124   _printf_oct_int_ll.o
         6          0          0          0          0          0   _printf_p.o
        78          0          0          0          0        108   _printf_pad.o
         0          0          0          0          0          0   _printf_percent.o
         4          0          0          0          0          0   _printf_percent_end.o
         6          0          0          0          0          0   _printf_s.o
        82          0          0          0          0         80   _printf_str.o
        36          0          0          0          0         84   _printf_truncate.o
         6          0          0          0          0          0   _printf_u.o
        44          0          0          0          0        108   _printf_wchar.o
       188          6          8          0          0         92   _printf_wctomb.o
         6          0          0          0          0          0   _printf_x.o
        10          0          0          0          0         68   _sputc.o
       228          4        148          0          0         96   bigflt0.o
      1936        128          0          0          0        668   btod.o
        18          0          0          0          0         80   exit.o
         6          0          0          0          0        152   heapauxi.o
         0          0          0          0          0          0   indicate_semi.o
        44         10        272          0          0         76   lc_ctype_c.o
        44         10         28          0          0         76   lc_numeric_c.o
         2          0          0          0          0          0   libinit.o
        34          0          0          0          0          0   libinit2.o
         2          0          0          0          0          0   libshutdown.o
         2          0          0          0          0          0   libshutdown2.o
         8          4          0          0         96         68   libspace.o
       138          0          0          0          0         80   lludiv10.o
        88          0          0          0          0         76   memcmp.o
        16          4          0          0          0         76   rt_ctype_table.o
         8          4          0          0          0         68   rt_locale_intlibspace.o
        78          0          0          0          0         80   rt_memclr_w.o
       138          0          0          0          0         68   rt_memcpy_v6.o
       100          0          0          0          0         80   rt_memcpy_w.o
         2          0          0          0          0          0   rtexit.o
        10          0          0          0          0          0   rtexit2.o
        44          6          0          0          0         84   sprintf.o
        20          0          0          0          0         68   strchr.o
       124          0          0          0          0         88   strcmpv7em.o
        12          4          0          0          0         68   sys_exit.o
        74          0          0          0          0         80   sys_stackheap_outer.o
         2          0          0          0          0         68   use_no_semi.o
        26          0          0          0          0        116   fpinit.o
         4          0          0          0          0        116   printf1.o
         4          0          0          0          0        116   printf2.o
         0          0          0          0          0          0   usenofp.o
        48          0          0          0          0        124   fpclassify.o

    ----------------------------------------------------------------------
      7246        266        552          0         96       4696   Library Totals
        20          0          1          0          0          0   (incl. Padding)

    ----------------------------------------------------------------------

      Code (inc. data)   RO Data    RW Data    ZI Data      Debug   Library Name

      7144        266        551          0         96       4224   c_w.l
        34          0          0          0          0        348   fz_wm.l
        48          0          0          0          0        124   m_wm.l

    ----------------------------------------------------------------------
      7246        266        552          0         96       4696   Library Totals

    ----------------------------------------------------------------------

==============================================================================


      Code (inc. data)   RO Data    RW Data    ZI Data      Debug   

     20616        326       2152          0       3552      43776   Grand Totals
     20616        326       2152          0       3552      43776   ELF Image Totals
     20616        326       2152          0          0          0   ROM Totals

==============================================================================

    Total RO  Size (Code + RO Data)                22768 (  22.23kB)
    Total RW  Size (RW Data + ZI Data)              3552 (   3.47kB)
    Total ROM Size (Code + RO Data + RW Data)      22768 (  22.23kB)

==============================================================================

